2025-04-12 00:05:20,858 - NewsSense - INFO - NewsSense initialized successfully
2025-04-12 00:08:43,930 - NewsSense - INFO - NewsSense initialized successfully
2025-04-12 00:08:59,567 - MarketAnalyzer - INFO - Analyzing security data for MSFT
2025-04-12 00:09:05,195 - NewsCollector - INFO - Scraping news for MSFT from multiple sources...
2025-04-12 00:09:05,198 - NewsCollector - INFO - Requesting: https://finance.yahoo.com/quote/MSFT/news
2025-04-12 00:09:05,199 - NewsCollector - INFO - Requesting: https://www.marketwatch.com/investing/stock/msft
2025-04-12 00:09:05,202 - NewsCollector - INFO - Requesting: https://www.reuters.com/companies/MSFT.O
2025-04-12 00:09:05,203 - NewsCollector - INFO - Requesting: https://www.cnbc.com/quotes/msft
2025-04-12 00:09:05,208 - NewsCollector - INFO - Requesting: https://seekingalpha.com/symbol/MSFT/news
2025-04-12 00:09:05,374 - NewsCollector - WARNING - Reuters returned status code 401
2025-04-12 00:09:05,480 - NewsCollector - WARNING - MarketWatch returned status code 401
2025-04-12 00:09:07,417 - NewsCollector - WARNING - No news articles found for MSFT
2025-04-12 00:09:07,418 - MarketAnalyzer - WARNING - No news items to analyze
2025-04-12 00:09:07,418 - MarketAnalyzer - INFO - Generating explanation for MSFT
2025-04-12 00:10:04,791 - QueryProcessor - INFO - Processing query: Why is the Invesco QQQ ETF down today?
2025-04-12 00:10:04,796 - QueryProcessor - INFO - Extracted query components: {'original_query': 'Why is the Invesco QQQ ETF down today?', 'intent': 'price_movement', 'tickers': ['QQQ'], 'timeframe': 'today', 'security_type': 'etf', 'direction': 'down', 'specific_factors': []}
2025-04-12 00:10:04,800 - MarketAnalyzer - INFO - Analyzing security data for QQQ
2025-04-12 00:10:05,930 - NewsCollector - INFO - Scraping news for QQQ from multiple sources...
2025-04-12 00:10:05,932 - NewsCollector - INFO - Requesting: https://finance.yahoo.com/quote/QQQ/news
2025-04-12 00:10:05,933 - NewsCollector - INFO - Requesting: https://www.marketwatch.com/investing/stock/qqq
2025-04-12 00:10:05,934 - NewsCollector - INFO - Requesting: https://www.reuters.com/companies/QQQ.O
2025-04-12 00:10:05,935 - NewsCollector - INFO - Requesting: https://www.cnbc.com/quotes/qqq
2025-04-12 00:10:05,937 - NewsCollector - INFO - Requesting: https://seekingalpha.com/symbol/QQQ/news
2025-04-12 00:10:06,090 - NewsCollector - WARNING - Reuters returned status code 401
2025-04-12 00:10:06,309 - NewsCollector - WARNING - MarketWatch returned status code 401
2025-04-12 00:10:08,966 - NewsCollector - WARNING - No news articles found for QQQ
2025-04-12 00:10:08,967 - MarketAnalyzer - WARNING - No news items to analyze
2025-04-12 00:10:08,968 - MarketAnalyzer - INFO - Generating explanation for QQQ
2025-04-12 00:10:08,973 - QueryProcessor - INFO - Query saved to data/queries\query_20250412_001008.json
2025-04-12 00:14:44,538 - QueryProcessor - INFO - Processing query: Why did Jyothy Labs up today?
2025-04-12 00:14:44,539 - QueryProcessor - INFO - Extracted query components: {'original_query': 'Why did Jyothy Labs up today?', 'intent': 'price_movement', 'tickers': [], 'timeframe': 'today', 'security_type': None, 'direction': 'up', 'specific_factors': []}
2025-04-12 00:14:44,543 - QueryProcessor - INFO - Query saved to data/queries\query_20250412_001444.json
2025-04-12 00:34:28,452 - NewsSense - ERROR - Initialization error: No module named 'yfinance'
2025-04-12 00:34:28,456 - NewsSense - ERROR - Traceback (most recent call last):
  File "C:\Users\Dhana\Desktop\newssense\market_analyzer\main.py", line 34, in __init__
    from src.analyzer.market_analyzer import MarketAnalyzer
  File "C:\Users\Dhana\Desktop\newssense\market_analyzer\src\analyzer\market_analyzer.py", line 1, in <module>
    import yfinance as yf
ModuleNotFoundError: No module named 'yfinance'

2025-04-12 00:38:04,395 - NewsSense - ERROR - Initialization error: module 'pandas' has no attribute 'DataFrame'
2025-04-12 00:38:04,400 - NewsSense - ERROR - Traceback (most recent call last):
  File "C:\Users\Dhana\Desktop\newssense\market_analyzer\main.py", line 34, in __init__
    from src.analyzer.market_analyzer import MarketAnalyzer
  File "C:\Users\Dhana\Desktop\newssense\market_analyzer\src\analyzer\market_analyzer.py", line 1, in <module>
    import yfinance as yf
  File "C:\Python312\Lib\site-packages\yfinance\__init__.py", line 24, in <module>
    from .ticker import Ticker
  File "C:\Python312\Lib\site-packages\yfinance\ticker.py", line 25, in <module>
    from .scrapers.funds import FundsData
  File "C:\Python312\Lib\site-packages\yfinance\scrapers\funds.py", line 12, in <module>
    class FundsData:
  File "C:\Python312\Lib\site-packages\yfinance\scrapers\funds.py", line 85, in FundsData
    def fund_operations(self) -> pd.DataFrame:
                                 ^^^^^^^^^^^^
AttributeError: module 'pandas' has no attribute 'DataFrame'

2025-04-12 00:38:38,134 - NewsSense - ERROR - Initialization error: module 'pandas' has no attribute 'DataFrame'
2025-04-12 00:38:38,141 - NewsSense - ERROR - Traceback (most recent call last):
  File "C:\Users\Dhana\Desktop\newssense\market_analyzer\main.py", line 34, in __init__
    from src.analyzer.market_analyzer import MarketAnalyzer
  File "C:\Users\Dhana\Desktop\newssense\market_analyzer\src\analyzer\market_analyzer.py", line 1, in <module>
    import yfinance as yf
  File "C:\Python312\Lib\site-packages\yfinance\__init__.py", line 24, in <module>
    from .ticker import Ticker
  File "C:\Python312\Lib\site-packages\yfinance\ticker.py", line 25, in <module>
    from .scrapers.funds import FundsData
  File "C:\Python312\Lib\site-packages\yfinance\scrapers\funds.py", line 12, in <module>
    class FundsData:
  File "C:\Python312\Lib\site-packages\yfinance\scrapers\funds.py", line 85, in FundsData
    def fund_operations(self) -> pd.DataFrame:
                                 ^^^^^^^^^^^^
AttributeError: module 'pandas' has no attribute 'DataFrame'

2025-04-12 00:54:22,491 - NewsSense - ERROR - Initialization error: module 'numpy' has no attribute 'ndarray'
2025-04-12 00:54:22,504 - NewsSense - ERROR - Traceback (most recent call last):
  File "C:\Users\Dhana\Desktop\newssense\market_analyzer\main.py", line 34, in __init__
    from src.analyzer.market_analyzer import MarketAnalyzer
  File "C:\Users\Dhana\Desktop\newssense\market_analyzer\src\analyzer\market_analyzer.py", line 1, in <module>
    import yfinance as yf
  File "C:\Python312\Lib\site-packages\yfinance\__init__.py", line 23, in <module>
    from .search import Search
  File "C:\Python312\Lib\site-packages\yfinance\search.py", line 24, in <module>
    from . import utils
  File "C:\Python312\Lib\site-packages\yfinance\utils.py", line 36, in <module>
    import pandas as _pd
  File "C:\Python312\Lib\site-packages\pandas\__init__.py", line 22, in <module>
    from pandas.compat import is_numpy_dev as _is_numpy_dev  # pyright: ignore # noqa:F401
    ^^^^^^^^^^^^^^^^^^^^^^^^^^^^^^^^^^^^^^^^^^^^^^^^^^^^^^^
  File "C:\Python312\Lib\site-packages\pandas\compat\__init__.py", line 16, in <module>
    from pandas._typing import F
  File "C:\Python312\Lib\site-packages\pandas\_typing.py", line 93, in <module>
    ArrayLike = Union["ExtensionArray", np.ndarray]
                                        ^^^^^^^^^^
AttributeError: module 'numpy' has no attribute 'ndarray'

2025-04-12 01:17:57,453 - NewsSense - ERROR - Initialization error: numpy.dtype size changed, may indicate binary incompatibility. Expected 96 from C header, got 88 from PyObject
2025-04-12 01:17:57,461 - NewsSense - ERROR - Traceback (most recent call last):
  File "C:\Users\Dhana\Desktop\newssense\market_analyzer\main.py", line 34, in __init__
    from src.analyzer.market_analyzer import MarketAnalyzer
  File "C:\Users\Dhana\Desktop\newssense\market_analyzer\src\analyzer\market_analyzer.py", line 1, in <module>
    import yfinance as yf
  File "C:\Users\Dhana\Desktop\newssense\market_analyzer\venv_new\Lib\site-packages\yfinance\__init__.py", line 23, in <module>
    from .ticker import Ticker
  File "C:\Users\Dhana\Desktop\newssense\market_analyzer\venv_new\Lib\site-packages\yfinance\ticker.py", line 27, in <module>
    import pandas as _pd
  File "C:\Users\Dhana\Desktop\newssense\market_analyzer\venv_new\Lib\site-packages\pandas\__init__.py", line 22, in <module>
    from pandas.compat import is_numpy_dev as _is_numpy_dev  # pyright: ignore # noqa:F401
    ^^^^^^^^^^^^^^^^^^^^^^^^^^^^^^^^^^^^^^^^^^^^^^^^^^^^^^^
  File "C:\Users\Dhana\Desktop\newssense\market_analyzer\venv_new\Lib\site-packages\pandas\compat\__init__.py", line 18, in <module>
    from pandas.compat.numpy import (
  File "C:\Users\Dhana\Desktop\newssense\market_analyzer\venv_new\Lib\site-packages\pandas\compat\numpy\__init__.py", line 4, in <module>
    from pandas.util.version import Version
  File "C:\Users\Dhana\Desktop\newssense\market_analyzer\venv_new\Lib\site-packages\pandas\util\__init__.py", line 2, in <module>
    from pandas.util._decorators import (  # noqa:F401
  File "C:\Users\Dhana\Desktop\newssense\market_analyzer\venv_new\Lib\site-packages\pandas\util\_decorators.py", line 14, in <module>
    from pandas._libs.properties import cache_readonly
  File "C:\Users\Dhana\Desktop\newssense\market_analyzer\venv_new\Lib\site-packages\pandas\_libs\__init__.py", line 13, in <module>
    from pandas._libs.interval import Interval
  File "pandas\_libs\interval.pyx", line 1, in init pandas._libs.interval
ValueError: numpy.dtype size changed, may indicate binary incompatibility. Expected 96 from C header, got 88 from PyObject

2025-04-12 01:21:19,122 - GeminiHelper - INFO - Loaded 10 custom ticker mappings
2025-04-12 01:21:19,125 - NewsSense - INFO - NewsSense initialized successfully
2025-04-12 01:21:45,295 - QueryProcessor - INFO - Processing query: Why did Jyothy Labs up today?
2025-04-12 01:21:45,296 - GeminiHelper - INFO - Found tickers from local mappings: ['JYOTHYLAB.NS']
2025-04-12 01:21:45,297 - QueryProcessor - INFO - Using Gemini analysis for query: {'original_query': 'Why did Jyothy Labs up today?', 'intent': 'price_movement', 'tickers': ['JYOTHYLAB.NS'], 'timeframe': 'today', 'security_type': None, 'direction': 'up', 'specific_factors': []}
2025-04-12 01:21:45,297 - MarketAnalyzer - INFO - Analyzing security data for JYOTHYLAB.NS
2025-04-12 01:21:45,320 - MarketAnalyzer - ERROR - Error in security analysis for JYOTHYLAB.NS: unsupported operand type(s) for -: 'datetime.datetime' and 'str'
2025-04-12 01:21:45,335 - MarketAnalyzer - ERROR - Traceback (most recent call last):
  File "C:\Users\Dhana\Desktop\newssense\market_analyzer\src\analyzer\market_analyzer.py", line 69, in analyze_security
    info = security.info
           ^^^^^^^^^^^^^
  File "C:\Users\Dhana\Desktop\newssense\market_analyzer\venv_new\Lib\site-packages\yfinance\ticker.py", line 142, in info
    return self.get_info()
           ^^^^^^^^^^^^^^^
  File "C:\Users\Dhana\Desktop\newssense\market_analyzer\venv_new\Lib\site-packages\yfinance\base.py", line 1736, in get_info
    data = self._quote.info
           ^^^^^^^^^^^^^^^^
  File "C:\Users\Dhana\Desktop\newssense\market_analyzer\venv_new\Lib\site-packages\yfinance\scrapers\quote.py", line 572, in info
    self._fetch(self.proxy)
  File "C:\Users\Dhana\Desktop\newssense\market_analyzer\venv_new\Lib\site-packages\yfinance\scrapers\quote.py", line 602, in _fetch
    result = self._data.get_raw_json(
             ^^^^^^^^^^^^^^^^^^^^^^^^
  File "C:\Users\Dhana\Desktop\newssense\market_analyzer\venv_new\Lib\site-packages\yfinance\data.py", line 399, in get_raw_json
    response = self.get(url, user_agent_headers=user_agent_headers, params=params, proxy=proxy, timeout=timeout)
               ^^^^^^^^^^^^^^^^^^^^^^^^^^^^^^^^^^^^^^^^^^^^^^^^^^^^^^^^^^^^^^^^^^^^^^^^^^^^^^^^^^^^^^^^^^^^^^^^^
  File "C:\Users\Dhana\Desktop\newssense\market_analyzer\venv_new\Lib\site-packages\yfinance\utils.py", line 108, in wrapper
    result = func(*args, **kwargs)
             ^^^^^^^^^^^^^^^^^^^^^
  File "C:\Users\Dhana\Desktop\newssense\market_analyzer\venv_new\Lib\site-packages\yfinance\data.py", line 348, in get
    cookie, crumb, strategy = self._get_cookie_and_crumb()
                              ^^^^^^^^^^^^^^^^^^^^^^^^^^^^
  File "C:\Users\Dhana\Desktop\newssense\market_analyzer\venv_new\Lib\site-packages\yfinance\utils.py", line 108, in wrapper
    result = func(*args, **kwargs)
             ^^^^^^^^^^^^^^^^^^^^^
  File "C:\Users\Dhana\Desktop\newssense\market_analyzer\venv_new\Lib\site-packages\yfinance\data.py", line 324, in _get_cookie_and_crumb
    cookie, crumb = self._get_cookie_and_crumb_basic(proxy, timeout)
                    ^^^^^^^^^^^^^^^^^^^^^^^^^^^^^^^^^^^^^^^^^^^^^^^^
  File "C:\Users\Dhana\Desktop\newssense\market_analyzer\venv_new\Lib\site-packages\yfinance\utils.py", line 108, in wrapper
    result = func(*args, **kwargs)
             ^^^^^^^^^^^^^^^^^^^^^
  File "C:\Users\Dhana\Desktop\newssense\market_analyzer\venv_new\Lib\site-packages\yfinance\data.py", line 213, in _get_cookie_and_crumb_basic
    cookie = self._get_cookie_basic(proxy, timeout)
             ^^^^^^^^^^^^^^^^^^^^^^^^^^^^^^^^^^^^^^
  File "C:\Users\Dhana\Desktop\newssense\market_analyzer\venv_new\Lib\site-packages\yfinance\data.py", line 156, in _get_cookie_basic
    self._cookie = self._load_cookie_basic()
                   ^^^^^^^^^^^^^^^^^^^^^^^^^
  File "C:\Users\Dhana\Desktop\newssense\market_analyzer\venv_new\Lib\site-packages\yfinance\data.py", line 142, in _load_cookie_basic
    cookie_dict = cache.get_cookie_cache().lookup('basic')
                  ^^^^^^^^^^^^^^^^^^^^^^^^^^^^^^^^^^^^^^^^
  File "C:\Users\Dhana\Desktop\newssense\market_analyzer\venv_new\Lib\site-packages\yfinance\cache.py", line 362, in lookup
    return {'cookie':cookie, 'age':_datetime.datetime.now()-data.fetch_date}
                                   ~~~~~~~~~~~~~~~~~~~~~~~~^~~~~~~~~~~~~~~~
TypeError: unsupported operand type(s) for -: 'datetime.datetime' and 'str'

2025-04-12 01:21:45,338 - NewsCollector - INFO - Scraping news for JYOTHYLAB.NS from multiple sources...
2025-04-12 01:21:45,340 - NewsCollector - INFO - Requesting: https://finance.yahoo.com/quote/JYOTHYLAB.NS/news
2025-04-12 01:21:45,341 - NewsCollector - INFO - Requesting: https://www.marketwatch.com/investing/stock/jyothylab.ns
2025-04-12 01:21:45,342 - NewsCollector - INFO - Requesting: https://www.reuters.com/companies/JYOTHYLAB.NS.O
2025-04-12 01:21:45,344 - NewsCollector - INFO - Requesting: https://www.cnbc.com/quotes/jyothylab.ns
2025-04-12 01:21:45,348 - NewsCollector - INFO - Requesting: https://seekingalpha.com/symbol/JYOTHYLAB.NS/news
2025-04-12 01:21:46,563 - NewsCollector - WARNING - MarketWatch returned status code 401
2025-04-12 01:21:47,234 - NewsCollector - WARNING - Seeking Alpha returned status code 404
2025-04-12 01:21:47,823 - NewsCollector - WARNING - Reuters returned status code 404
2025-04-12 01:21:48,413 - NewsCollector - WARNING - CNBC returned status code 404
2025-04-12 01:21:48,419 - NewsCollector - WARNING - No news articles found for JYOTHYLAB.NS
2025-04-12 01:21:48,421 - MarketAnalyzer - WARNING - No news items to analyze
2025-04-12 01:21:48,424 - QueryProcessor - INFO - Query saved to data/queries\query_20250412_012148.json
2025-04-12 01:28:18,952 - QueryProcessor - INFO - Processing query: Why did Jyothy Labs up today?
2025-04-12 01:28:18,952 - GeminiHelper - INFO - Found tickers from local mappings: ['JYOTHYLAB.NS']
2025-04-12 01:28:18,953 - QueryProcessor - INFO - Using Gemini analysis for query: {'original_query': 'Why did Jyothy Labs up today?', 'intent': 'price_movement', 'tickers': ['JYOTHYLAB.NS'], 'timeframe': 'today', 'security_type': None, 'direction': 'up', 'specific_factors': []}
2025-04-12 01:28:18,954 - MarketAnalyzer - INFO - Analyzing security data for JYOTHYLAB.NS
2025-04-12 01:28:18,955 - MarketAnalyzer - ERROR - Error in security analysis for JYOTHYLAB.NS: unsupported operand type(s) for -: 'datetime.datetime' and 'str'
2025-04-12 01:28:18,967 - MarketAnalyzer - ERROR - Traceback (most recent call last):
  File "C:\Users\Dhana\Desktop\newssense\market_analyzer\src\analyzer\market_analyzer.py", line 69, in analyze_security
    info = security.info
           ^^^^^^^^^^^^^
  File "C:\Users\Dhana\Desktop\newssense\market_analyzer\venv_new\Lib\site-packages\yfinance\ticker.py", line 142, in info
    return self.get_info()
           ^^^^^^^^^^^^^^^
  File "C:\Users\Dhana\Desktop\newssense\market_analyzer\venv_new\Lib\site-packages\yfinance\base.py", line 1736, in get_info
    data = self._quote.info
           ^^^^^^^^^^^^^^^^
  File "C:\Users\Dhana\Desktop\newssense\market_analyzer\venv_new\Lib\site-packages\yfinance\scrapers\quote.py", line 572, in info
    self._fetch(self.proxy)
  File "C:\Users\Dhana\Desktop\newssense\market_analyzer\venv_new\Lib\site-packages\yfinance\scrapers\quote.py", line 602, in _fetch
    result = self._data.get_raw_json(
             ^^^^^^^^^^^^^^^^^^^^^^^^
  File "C:\Users\Dhana\Desktop\newssense\market_analyzer\venv_new\Lib\site-packages\yfinance\data.py", line 399, in get_raw_json
    response = self.get(url, user_agent_headers=user_agent_headers, params=params, proxy=proxy, timeout=timeout)
               ^^^^^^^^^^^^^^^^^^^^^^^^^^^^^^^^^^^^^^^^^^^^^^^^^^^^^^^^^^^^^^^^^^^^^^^^^^^^^^^^^^^^^^^^^^^^^^^^^
  File "C:\Users\Dhana\Desktop\newssense\market_analyzer\venv_new\Lib\site-packages\yfinance\utils.py", line 108, in wrapper
    result = func(*args, **kwargs)
             ^^^^^^^^^^^^^^^^^^^^^
  File "C:\Users\Dhana\Desktop\newssense\market_analyzer\venv_new\Lib\site-packages\yfinance\data.py", line 348, in get
    cookie, crumb, strategy = self._get_cookie_and_crumb()
                              ^^^^^^^^^^^^^^^^^^^^^^^^^^^^
  File "C:\Users\Dhana\Desktop\newssense\market_analyzer\venv_new\Lib\site-packages\yfinance\utils.py", line 108, in wrapper
    result = func(*args, **kwargs)
             ^^^^^^^^^^^^^^^^^^^^^
  File "C:\Users\Dhana\Desktop\newssense\market_analyzer\venv_new\Lib\site-packages\yfinance\data.py", line 324, in _get_cookie_and_crumb
    cookie, crumb = self._get_cookie_and_crumb_basic(proxy, timeout)
                    ^^^^^^^^^^^^^^^^^^^^^^^^^^^^^^^^^^^^^^^^^^^^^^^^
  File "C:\Users\Dhana\Desktop\newssense\market_analyzer\venv_new\Lib\site-packages\yfinance\utils.py", line 108, in wrapper
    result = func(*args, **kwargs)
             ^^^^^^^^^^^^^^^^^^^^^
  File "C:\Users\Dhana\Desktop\newssense\market_analyzer\venv_new\Lib\site-packages\yfinance\data.py", line 213, in _get_cookie_and_crumb_basic
    cookie = self._get_cookie_basic(proxy, timeout)
             ^^^^^^^^^^^^^^^^^^^^^^^^^^^^^^^^^^^^^^
  File "C:\Users\Dhana\Desktop\newssense\market_analyzer\venv_new\Lib\site-packages\yfinance\data.py", line 156, in _get_cookie_basic
    self._cookie = self._load_cookie_basic()
                   ^^^^^^^^^^^^^^^^^^^^^^^^^
  File "C:\Users\Dhana\Desktop\newssense\market_analyzer\venv_new\Lib\site-packages\yfinance\data.py", line 142, in _load_cookie_basic
    cookie_dict = cache.get_cookie_cache().lookup('basic')
                  ^^^^^^^^^^^^^^^^^^^^^^^^^^^^^^^^^^^^^^^^
  File "C:\Users\Dhana\Desktop\newssense\market_analyzer\venv_new\Lib\site-packages\yfinance\cache.py", line 362, in lookup
    return {'cookie':cookie, 'age':_datetime.datetime.now()-data.fetch_date}
                                   ~~~~~~~~~~~~~~~~~~~~~~~~^~~~~~~~~~~~~~~~
TypeError: unsupported operand type(s) for -: 'datetime.datetime' and 'str'

2025-04-12 01:28:18,981 - NewsCollector - INFO - Scraping news for JYOTHYLAB.NS from multiple sources...
2025-04-12 01:28:18,981 - NewsCollector - INFO - Requesting: https://finance.yahoo.com/quote/JYOTHYLAB.NS/news
2025-04-12 01:28:18,984 - NewsCollector - INFO - Requesting: https://www.marketwatch.com/investing/stock/jyothylab.ns
2025-04-12 01:28:18,998 - NewsCollector - INFO - Requesting: https://www.reuters.com/companies/JYOTHYLAB.NS.O
2025-04-12 01:28:19,000 - NewsCollector - INFO - Requesting: https://www.cnbc.com/quotes/jyothylab.ns
2025-04-12 01:28:19,003 - NewsCollector - INFO - Requesting: https://seekingalpha.com/symbol/JYOTHYLAB.NS/news
2025-04-12 01:28:20,321 - NewsCollector - WARNING - MarketWatch returned status code 401
2025-04-12 01:28:20,702 - NewsCollector - WARNING - Seeking Alpha returned status code 404
2025-04-12 01:28:21,541 - NewsCollector - WARNING - Reuters returned status code 404
2025-04-12 01:28:21,556 - NewsCollector - WARNING - CNBC returned status code 404
2025-04-12 01:28:21,566 - NewsCollector - WARNING - No news articles found for JYOTHYLAB.NS
2025-04-12 01:28:21,570 - MarketAnalyzer - WARNING - No news items to analyze
2025-04-12 01:28:21,574 - QueryProcessor - INFO - Query saved to data/queries\query_20250412_012821.json
2025-04-12 01:40:51,601 - NewsSense - INFO - NewsSense initialized successfully
2025-04-12 01:40:56,702 - MarketAnalyzer - INFO - Analyzing security data for QQQ
2025-04-12 01:40:56,719 - MarketAnalyzer - ERROR - Error in security analysis for QQQ: unsupported operand type(s) for -: 'datetime.datetime' and 'str'
2025-04-12 01:40:56,731 - MarketAnalyzer - ERROR - Traceback (most recent call last):
  File "C:\Users\Dhana\Desktop\newssense\market_analyzer\src\analyzer\market_analyzer.py", line 69, in analyze_security
    info = security.info
           ^^^^^^^^^^^^^
  File "C:\Users\Dhana\Desktop\newssense\market_analyzer\venv_new\Lib\site-packages\yfinance\ticker.py", line 142, in info
    return self.get_info()
           ^^^^^^^^^^^^^^^
  File "C:\Users\Dhana\Desktop\newssense\market_analyzer\venv_new\Lib\site-packages\yfinance\base.py", line 1736, in get_info
    data = self._quote.info
           ^^^^^^^^^^^^^^^^
  File "C:\Users\Dhana\Desktop\newssense\market_analyzer\venv_new\Lib\site-packages\yfinance\scrapers\quote.py", line 572, in info
    self._fetch(self.proxy)
  File "C:\Users\Dhana\Desktop\newssense\market_analyzer\venv_new\Lib\site-packages\yfinance\scrapers\quote.py", line 602, in _fetch
    result = self._data.get_raw_json(
             ^^^^^^^^^^^^^^^^^^^^^^^^
  File "C:\Users\Dhana\Desktop\newssense\market_analyzer\venv_new\Lib\site-packages\yfinance\data.py", line 399, in get_raw_json
    response = self.get(url, user_agent_headers=user_agent_headers, params=params, proxy=proxy, timeout=timeout)
               ^^^^^^^^^^^^^^^^^^^^^^^^^^^^^^^^^^^^^^^^^^^^^^^^^^^^^^^^^^^^^^^^^^^^^^^^^^^^^^^^^^^^^^^^^^^^^^^^^
  File "C:\Users\Dhana\Desktop\newssense\market_analyzer\venv_new\Lib\site-packages\yfinance\utils.py", line 108, in wrapper
    result = func(*args, **kwargs)
             ^^^^^^^^^^^^^^^^^^^^^
  File "C:\Users\Dhana\Desktop\newssense\market_analyzer\venv_new\Lib\site-packages\yfinance\data.py", line 348, in get
    cookie, crumb, strategy = self._get_cookie_and_crumb()
                              ^^^^^^^^^^^^^^^^^^^^^^^^^^^^
  File "C:\Users\Dhana\Desktop\newssense\market_analyzer\venv_new\Lib\site-packages\yfinance\utils.py", line 108, in wrapper
    result = func(*args, **kwargs)
             ^^^^^^^^^^^^^^^^^^^^^
  File "C:\Users\Dhana\Desktop\newssense\market_analyzer\venv_new\Lib\site-packages\yfinance\data.py", line 324, in _get_cookie_and_crumb
    cookie, crumb = self._get_cookie_and_crumb_basic(proxy, timeout)
                    ^^^^^^^^^^^^^^^^^^^^^^^^^^^^^^^^^^^^^^^^^^^^^^^^
  File "C:\Users\Dhana\Desktop\newssense\market_analyzer\venv_new\Lib\site-packages\yfinance\utils.py", line 108, in wrapper
    result = func(*args, **kwargs)
             ^^^^^^^^^^^^^^^^^^^^^
  File "C:\Users\Dhana\Desktop\newssense\market_analyzer\venv_new\Lib\site-packages\yfinance\data.py", line 213, in _get_cookie_and_crumb_basic
    cookie = self._get_cookie_basic(proxy, timeout)
             ^^^^^^^^^^^^^^^^^^^^^^^^^^^^^^^^^^^^^^
  File "C:\Users\Dhana\Desktop\newssense\market_analyzer\venv_new\Lib\site-packages\yfinance\data.py", line 156, in _get_cookie_basic
    self._cookie = self._load_cookie_basic()
                   ^^^^^^^^^^^^^^^^^^^^^^^^^
  File "C:\Users\Dhana\Desktop\newssense\market_analyzer\venv_new\Lib\site-packages\yfinance\data.py", line 142, in _load_cookie_basic
    cookie_dict = cache.get_cookie_cache().lookup('basic')
                  ^^^^^^^^^^^^^^^^^^^^^^^^^^^^^^^^^^^^^^^^
  File "C:\Users\Dhana\Desktop\newssense\market_analyzer\venv_new\Lib\site-packages\yfinance\cache.py", line 362, in lookup
    return {'cookie':cookie, 'age':_datetime.datetime.now()-data.fetch_date}
                                   ~~~~~~~~~~~~~~~~~~~~~~~~^~~~~~~~~~~~~~~~
TypeError: unsupported operand type(s) for -: 'datetime.datetime' and 'str'

2025-04-12 04:28:47,900 - src.utils.path_helper - INFO - Added C:\Users\Dhana\Desktop\newssense\market_analyzer\src to Python path
2025-04-12 04:28:47,900 - NewsSense - INFO - Directory structure verified
2025-04-12 04:28:50,657 - GeminiHelper - INFO - Loaded 10 custom ticker mappings
2025-04-12 04:28:50,658 - NewsSense - INFO - Gemini Helper initialized successfully
2025-04-12 04:28:50,659 - NewsSense - INFO - NewsSense initialized successfully
2025-04-12 04:28:57,564 - MarketAnalyzer - INFO - Analyzing security data for QQQ
2025-04-12 04:28:57,885 - yfinance - ERROR - QQQ: No price data found, symbol may be delisted (period=1d)
2025-04-12 04:28:57,886 - MarketAnalyzer - WARNING - No historical data available for QQQ
2025-04-12 04:28:57,894 - MarketAnalyzer - ERROR - Error initializing ticker QQQ: 'MarketAnalyzer' object has no attribute '_get_market_context'
2025-04-12 04:28:57,896 - MarketAnalyzer - ERROR - Error in security analysis for QQQ: 'MarketAnalyzer' object has no attribute '_get_market_context'
2025-04-12 04:28:57,902 - MarketAnalyzer - ERROR - Traceback (most recent call last):
  File "C:\Users\Dhana\Desktop\newssense\market_analyzer\src\analyzer\market_analyzer.py", line 76, in analyze_security
    return self._create_empty_security_data(ticker, "No historical data available")
           ^^^^^^^^^^^^^^^^^^^^^^^^^^^^^^^^^^^^^^^^^^^^^^^^^^^^^^^^^^^^^^^^^^^^^^^^
  File "C:\Users\Dhana\Desktop\newssense\market_analyzer\src\analyzer\market_analyzer.py", line 182, in _create_empty_security_data
    'market_context': self._get_market_context(),  # Still provide market context
                      ^^^^^^^^^^^^^^^^^^^^^^^^
AttributeError: 'MarketAnalyzer' object has no attribute '_get_market_context'

During handling of the above exception, another exception occurred:

Traceback (most recent call last):
  File "C:\Users\Dhana\Desktop\newssense\market_analyzer\src\analyzer\market_analyzer.py", line 79, in analyze_security
    return self._create_empty_security_data(ticker, f"Failed to retrieve security: {str(e)}")
           ^^^^^^^^^^^^^^^^^^^^^^^^^^^^^^^^^^^^^^^^^^^^^^^^^^^^^^^^^^^^^^^^^^^^^^^^^^^^^^^^^^
  File "C:\Users\Dhana\Desktop\newssense\market_analyzer\src\analyzer\market_analyzer.py", line 182, in _create_empty_security_data
    'market_context': self._get_market_context(),  # Still provide market context
                      ^^^^^^^^^^^^^^^^^^^^^^^^
AttributeError: 'MarketAnalyzer' object has no attribute '_get_market_context'

2025-04-12 04:28:57,906 - NewsSense - ERROR - Security analysis error: 'MarketAnalyzer' object has no attribute '_get_market_context'
2025-04-12 04:28:57,918 - NewsSense - ERROR - Traceback (most recent call last):
  File "C:\Users\Dhana\Desktop\newssense\market_analyzer\src\analyzer\market_analyzer.py", line 76, in analyze_security
    return self._create_empty_security_data(ticker, "No historical data available")
           ^^^^^^^^^^^^^^^^^^^^^^^^^^^^^^^^^^^^^^^^^^^^^^^^^^^^^^^^^^^^^^^^^^^^^^^^
  File "C:\Users\Dhana\Desktop\newssense\market_analyzer\src\analyzer\market_analyzer.py", line 182, in _create_empty_security_data
    'market_context': self._get_market_context(),  # Still provide market context
                      ^^^^^^^^^^^^^^^^^^^^^^^^
AttributeError: 'MarketAnalyzer' object has no attribute '_get_market_context'

During handling of the above exception, another exception occurred:

Traceback (most recent call last):
  File "C:\Users\Dhana\Desktop\newssense\market_analyzer\src\analyzer\market_analyzer.py", line 79, in analyze_security
    return self._create_empty_security_data(ticker, f"Failed to retrieve security: {str(e)}")
           ^^^^^^^^^^^^^^^^^^^^^^^^^^^^^^^^^^^^^^^^^^^^^^^^^^^^^^^^^^^^^^^^^^^^^^^^^^^^^^^^^^
  File "C:\Users\Dhana\Desktop\newssense\market_analyzer\src\analyzer\market_analyzer.py", line 182, in _create_empty_security_data
    'market_context': self._get_market_context(),  # Still provide market context
                      ^^^^^^^^^^^^^^^^^^^^^^^^
AttributeError: 'MarketAnalyzer' object has no attribute '_get_market_context'

During handling of the above exception, another exception occurred:

Traceback (most recent call last):
  File "C:\Users\Dhana\Desktop\newssense\market_analyzer\main.py", line 178, in analyze_security
    security_data = self.market_analyzer.analyze_security(ticker)
                    ^^^^^^^^^^^^^^^^^^^^^^^^^^^^^^^^^^^^^^^^^^^^^
  File "C:\Users\Dhana\Desktop\newssense\market_analyzer\src\analyzer\market_analyzer.py", line 168, in analyze_security
    return self._create_empty_security_data(ticker, f"Analysis error: {str(e)}")
           ^^^^^^^^^^^^^^^^^^^^^^^^^^^^^^^^^^^^^^^^^^^^^^^^^^^^^^^^^^^^^^^^^^^^^
  File "C:\Users\Dhana\Desktop\newssense\market_analyzer\src\analyzer\market_analyzer.py", line 182, in _create_empty_security_data
    'market_context': self._get_market_context(),  # Still provide market context
                      ^^^^^^^^^^^^^^^^^^^^^^^^
AttributeError: 'MarketAnalyzer' object has no attribute '_get_market_context'

2025-04-12 04:29:39,771 - MarketAnalyzer - INFO - Analyzing security data for AAPL
2025-04-12 04:29:39,774 - yfinance - ERROR - AAPL: No price data found, symbol may be delisted (period=1d)
2025-04-12 04:29:39,778 - MarketAnalyzer - WARNING - No historical data available for AAPL
2025-04-12 04:29:39,783 - MarketAnalyzer - ERROR - Error initializing ticker AAPL: 'MarketAnalyzer' object has no attribute '_get_market_context'
2025-04-12 04:29:39,788 - MarketAnalyzer - ERROR - Error in security analysis for AAPL: 'MarketAnalyzer' object has no attribute '_get_market_context'
2025-04-12 04:29:39,795 - MarketAnalyzer - ERROR - Traceback (most recent call last):
  File "C:\Users\Dhana\Desktop\newssense\market_analyzer\src\analyzer\market_analyzer.py", line 76, in analyze_security
    return self._create_empty_security_data(ticker, "No historical data available")
           ^^^^^^^^^^^^^^^^^^^^^^^^^^^^^^^^^^^^^^^^^^^^^^^^^^^^^^^^^^^^^^^^^^^^^^^^
  File "C:\Users\Dhana\Desktop\newssense\market_analyzer\src\analyzer\market_analyzer.py", line 182, in _create_empty_security_data
    'market_context': self._get_market_context(),  # Still provide market context
                      ^^^^^^^^^^^^^^^^^^^^^^^^
AttributeError: 'MarketAnalyzer' object has no attribute '_get_market_context'

During handling of the above exception, another exception occurred:

Traceback (most recent call last):
  File "C:\Users\Dhana\Desktop\newssense\market_analyzer\src\analyzer\market_analyzer.py", line 79, in analyze_security
    return self._create_empty_security_data(ticker, f"Failed to retrieve security: {str(e)}")
           ^^^^^^^^^^^^^^^^^^^^^^^^^^^^^^^^^^^^^^^^^^^^^^^^^^^^^^^^^^^^^^^^^^^^^^^^^^^^^^^^^^
  File "C:\Users\Dhana\Desktop\newssense\market_analyzer\src\analyzer\market_analyzer.py", line 182, in _create_empty_security_data
    'market_context': self._get_market_context(),  # Still provide market context
                      ^^^^^^^^^^^^^^^^^^^^^^^^
AttributeError: 'MarketAnalyzer' object has no attribute '_get_market_context'

2025-04-12 04:29:39,804 - NewsSense - ERROR - Security analysis error: 'MarketAnalyzer' object has no attribute '_get_market_context'
2025-04-12 04:29:39,815 - NewsSense - ERROR - Traceback (most recent call last):
  File "C:\Users\Dhana\Desktop\newssense\market_analyzer\src\analyzer\market_analyzer.py", line 76, in analyze_security
    return self._create_empty_security_data(ticker, "No historical data available")
           ^^^^^^^^^^^^^^^^^^^^^^^^^^^^^^^^^^^^^^^^^^^^^^^^^^^^^^^^^^^^^^^^^^^^^^^^
  File "C:\Users\Dhana\Desktop\newssense\market_analyzer\src\analyzer\market_analyzer.py", line 182, in _create_empty_security_data
    'market_context': self._get_market_context(),  # Still provide market context
                      ^^^^^^^^^^^^^^^^^^^^^^^^
AttributeError: 'MarketAnalyzer' object has no attribute '_get_market_context'

During handling of the above exception, another exception occurred:

Traceback (most recent call last):
  File "C:\Users\Dhana\Desktop\newssense\market_analyzer\src\analyzer\market_analyzer.py", line 79, in analyze_security
    return self._create_empty_security_data(ticker, f"Failed to retrieve security: {str(e)}")
           ^^^^^^^^^^^^^^^^^^^^^^^^^^^^^^^^^^^^^^^^^^^^^^^^^^^^^^^^^^^^^^^^^^^^^^^^^^^^^^^^^^
  File "C:\Users\Dhana\Desktop\newssense\market_analyzer\src\analyzer\market_analyzer.py", line 182, in _create_empty_security_data
    'market_context': self._get_market_context(),  # Still provide market context
                      ^^^^^^^^^^^^^^^^^^^^^^^^
AttributeError: 'MarketAnalyzer' object has no attribute '_get_market_context'

During handling of the above exception, another exception occurred:

Traceback (most recent call last):
  File "C:\Users\Dhana\Desktop\newssense\market_analyzer\main.py", line 178, in analyze_security
    security_data = self.market_analyzer.analyze_security(ticker)
                    ^^^^^^^^^^^^^^^^^^^^^^^^^^^^^^^^^^^^^^^^^^^^^
  File "C:\Users\Dhana\Desktop\newssense\market_analyzer\src\analyzer\market_analyzer.py", line 168, in analyze_security
    return self._create_empty_security_data(ticker, f"Analysis error: {str(e)}")
           ^^^^^^^^^^^^^^^^^^^^^^^^^^^^^^^^^^^^^^^^^^^^^^^^^^^^^^^^^^^^^^^^^^^^^
  File "C:\Users\Dhana\Desktop\newssense\market_analyzer\src\analyzer\market_analyzer.py", line 182, in _create_empty_security_data
    'market_context': self._get_market_context(),  # Still provide market context
                      ^^^^^^^^^^^^^^^^^^^^^^^^
AttributeError: 'MarketAnalyzer' object has no attribute '_get_market_context'

2025-04-12 04:30:07,826 - QueryProcessor - INFO - Processing query: Why is AAPL up today?
2025-04-12 04:30:07,826 - QueryProcessor - ERROR - Error processing query: 'GeminiHelper' object has no attribute 'extract_query_components'
2025-04-12 04:30:07,829 - QueryProcessor - ERROR - Traceback (most recent call last):
  File "C:\Users\Dhana\Desktop\newssense\market_analyzer\src\query_processor\query_processor.py", line 160, in process_query
    gemini_components = self.gemini_helper.extract_query_components(query_text)
                        ^^^^^^^^^^^^^^^^^^^^^^^^^^^^^^^^^^^^^^^^^^^
AttributeError: 'GeminiHelper' object has no attribute 'extract_query_components'

2025-04-12 04:46:16,392 - NewsSense - INFO - NewsSense initialized successfully
2025-04-12 04:46:20,715 - MarketAnalyzer - INFO - Analyzing security data for QQQ
2025-04-12 04:46:20,944 - yfinance - ERROR - QQQ: No price data found, symbol may be delisted (period=1d)
2025-04-12 04:46:20,945 - MarketAnalyzer - WARNING - No historical data available for QQQ
2025-04-12 04:46:20,949 - MarketAnalyzer - ERROR - Error initializing ticker QQQ: 'MarketAnalyzer' object has no attribute 'get_market_context'
2025-04-12 04:46:20,951 - MarketAnalyzer - ERROR - Error in security analysis for QQQ: 'MarketAnalyzer' object has no attribute 'get_market_context'
2025-04-12 04:46:20,959 - MarketAnalyzer - ERROR - Traceback (most recent call last):
  File "C:\Users\Dhana\Desktop\newssense\market_analyzer\src\analyzer\market_analyzer.py", line 76, in analyze_security
    return self._create_empty_security_data(ticker, "No historical data available")
           ^^^^^^^^^^^^^^^^^^^^^^^^^^^^^^^^^^^^^^^^^^^^^^^^^^^^^^^^^^^^^^^^^^^^^^^^
  File "C:\Users\Dhana\Desktop\newssense\market_analyzer\src\analyzer\market_analyzer.py", line 182, in _create_empty_security_data
    'market_context': self.get_market_context(),  # Use the non-underscore method
                      ^^^^^^^^^^^^^^^^^^^^^^^
AttributeError: 'MarketAnalyzer' object has no attribute 'get_market_context'. Did you mean: '_generate_market_context'?

During handling of the above exception, another exception occurred:

Traceback (most recent call last):
  File "C:\Users\Dhana\Desktop\newssense\market_analyzer\src\analyzer\market_analyzer.py", line 79, in analyze_security
    return self._create_empty_security_data(ticker, f"Failed to retrieve security: {str(e)}")
           ^^^^^^^^^^^^^^^^^^^^^^^^^^^^^^^^^^^^^^^^^^^^^^^^^^^^^^^^^^^^^^^^^^^^^^^^^^^^^^^^^^
  File "C:\Users\Dhana\Desktop\newssense\market_analyzer\src\analyzer\market_analyzer.py", line 182, in _create_empty_security_data
    'market_context': self.get_market_context(),  # Use the non-underscore method
                      ^^^^^^^^^^^^^^^^^^^^^^^
AttributeError: 'MarketAnalyzer' object has no attribute 'get_market_context'. Did you mean: '_generate_market_context'?

2025-04-12 04:46:20,963 - NewsSense - ERROR - Security analysis error: 'MarketAnalyzer' object has no attribute 'get_market_context'
2025-04-12 04:46:20,979 - NewsSense - ERROR - Traceback (most recent call last):
  File "C:\Users\Dhana\Desktop\newssense\market_analyzer\src\analyzer\market_analyzer.py", line 76, in analyze_security
    return self._create_empty_security_data(ticker, "No historical data available")
           ^^^^^^^^^^^^^^^^^^^^^^^^^^^^^^^^^^^^^^^^^^^^^^^^^^^^^^^^^^^^^^^^^^^^^^^^
  File "C:\Users\Dhana\Desktop\newssense\market_analyzer\src\analyzer\market_analyzer.py", line 182, in _create_empty_security_data
    'market_context': self.get_market_context(),  # Use the non-underscore method
                      ^^^^^^^^^^^^^^^^^^^^^^^
AttributeError: 'MarketAnalyzer' object has no attribute 'get_market_context'. Did you mean: '_generate_market_context'?

During handling of the above exception, another exception occurred:

Traceback (most recent call last):
  File "C:\Users\Dhana\Desktop\newssense\market_analyzer\src\analyzer\market_analyzer.py", line 79, in analyze_security
    return self._create_empty_security_data(ticker, f"Failed to retrieve security: {str(e)}")
           ^^^^^^^^^^^^^^^^^^^^^^^^^^^^^^^^^^^^^^^^^^^^^^^^^^^^^^^^^^^^^^^^^^^^^^^^^^^^^^^^^^
  File "C:\Users\Dhana\Desktop\newssense\market_analyzer\src\analyzer\market_analyzer.py", line 182, in _create_empty_security_data
    'market_context': self.get_market_context(),  # Use the non-underscore method
                      ^^^^^^^^^^^^^^^^^^^^^^^
AttributeError: 'MarketAnalyzer' object has no attribute 'get_market_context'. Did you mean: '_generate_market_context'?

During handling of the above exception, another exception occurred:

Traceback (most recent call last):
  File "C:\Users\Dhana\Desktop\newssense\market_analyzer\main.py", line 146, in analyze_security
    security_data = self.market_analyzer.analyze_security(ticker)
                    ^^^^^^^^^^^^^^^^^^^^^^^^^^^^^^^^^^^^^^^^^^^^^
  File "C:\Users\Dhana\Desktop\newssense\market_analyzer\src\analyzer\market_analyzer.py", line 168, in analyze_security
    return self._create_empty_security_data(ticker, f"Analysis error: {str(e)}")
           ^^^^^^^^^^^^^^^^^^^^^^^^^^^^^^^^^^^^^^^^^^^^^^^^^^^^^^^^^^^^^^^^^^^^^
  File "C:\Users\Dhana\Desktop\newssense\market_analyzer\src\analyzer\market_analyzer.py", line 182, in _create_empty_security_data
    'market_context': self.get_market_context(),  # Use the non-underscore method
                      ^^^^^^^^^^^^^^^^^^^^^^^
AttributeError: 'MarketAnalyzer' object has no attribute 'get_market_context'. Did you mean: '_generate_market_context'?

2025-04-12 05:03:06,148 - NewsSense - INFO - NewsSense initialized successfully
2025-04-12 05:03:09,625 - MarketAnalyzer - INFO - Analyzing security data for QQQ
2025-04-12 05:03:09,627 - MarketAnalyzer - ERROR - Error initializing ticker QQQ: module 'yfinance.cache' has no attribute 'clear'
2025-04-12 05:03:09,904 - yfinance - ERROR - ^GSPC: No price data found, symbol may be delisted (period=1d)
2025-04-12 05:03:09,907 - yfinance - ERROR - ^DJI: No price data found, symbol may be delisted (period=1d)
2025-04-12 05:03:09,910 - yfinance - ERROR - ^IXIC: No price data found, symbol may be delisted (period=1d)
2025-04-12 05:03:09,915 - yfinance - ERROR - ^RUT: No price data found, symbol may be delisted (period=1d)
2025-04-12 05:03:09,927 - yfinance - ERROR - ^VIX: No price data found, symbol may be delisted (period=1d)
2025-04-12 05:03:09,930 - yfinance - ERROR - Failed to get ticker '^NSEI' reason: unsupported operand type(s) for -: 'datetime.datetime' and 'str'
2025-04-12 05:03:09,933 - yfinance - ERROR - ^NSEI: No price data found, symbol may be delisted (period=1d)
2025-04-12 05:03:09,934 - yfinance - ERROR - Failed to get ticker '^BSESN' reason: unsupported operand type(s) for -: 'datetime.datetime' and 'str'
2025-04-12 05:03:09,937 - yfinance - ERROR - ^BSESN: No price data found, symbol may be delisted (period=1d)
2025-04-12 05:03:09,939 - NewsCollector - INFO - Scraping news for QQQ from multiple sources...
2025-04-12 05:03:09,942 - NewsCollector - INFO - Requesting: https://finance.yahoo.com/quote/QQQ/news
2025-04-12 05:03:09,943 - NewsCollector - INFO - Requesting: https://www.marketwatch.com/investing/stock/qqq
2025-04-12 05:03:09,944 - NewsCollector - INFO - Requesting: https://www.reuters.com/companies/QQQ.O
2025-04-12 05:03:09,946 - NewsCollector - INFO - Requesting: https://www.cnbc.com/quotes/qqq
2025-04-12 05:03:09,947 - NewsCollector - INFO - Requesting: https://seekingalpha.com/symbol/QQQ/news
2025-04-12 05:03:13,548 - NewsCollector - INFO - Found 8 articles from marketwatch
2025-04-12 05:03:15,226 - NewsCollector - INFO - News saved to data/scraped_news\QQQ_news_20250412_050315.json
2025-04-12 05:03:15,227 - NewsCollector - INFO - Total articles found for QQQ: 8
2025-04-12 05:03:15,228 - MarketAnalyzer - INFO - Analyzing impact of 8 news items
2025-04-12 05:03:15,349 - NewsSense - ERROR - Security analysis error: 'MarketAnalyzer' object has no attribute 'generate_explanation'
2025-04-12 05:03:15,356 - NewsSense - ERROR - Traceback (most recent call last):
  File "C:\Users\Dhana\Desktop\newssense\market_analyzer\main.py", line 160, in analyze_security
    explanation = self.market_analyzer.generate_explanation(security_data, news_analysis, ticker)
                  ^^^^^^^^^^^^^^^^^^^^^^^^^^^^^^^^^^^^^^^^^
AttributeError: 'MarketAnalyzer' object has no attribute 'generate_explanation'

2025-04-12 05:21:59,751 - GeminiHelper - INFO - Loaded 10 custom ticker mappings
2025-04-12 05:21:59,752 - NewsSense - INFO - Gemini helper initialized successfully
2025-04-12 05:21:59,756 - NewsSense - INFO - NewsSense initialized successfully
2025-04-12 05:22:10,693 - MarketAnalyzer - INFO - Analyzing security data for AAPL
2025-04-12 05:22:19,825 - MarketAnalyzer - ERROR - Error in security analysis for AAPL: 'MarketAnalyzer' object has no attribute '_get_sector_context'
2025-04-12 05:22:19,831 - MarketAnalyzer - ERROR - Traceback (most recent call last):
  File "C:\Users\Dhana\Desktop\newssense\market_analyzer\src\analyzer\market_analyzer.py", line 115, in analyze_security
    sector_context = self._get_sector_context(info.get('sector'))
                     ^^^^^^^^^^^^^^^^^^^^^^^^
AttributeError: 'MarketAnalyzer' object has no attribute '_get_sector_context'

2025-04-12 05:22:19,835 - NewsSense - ERROR - Security analysis error: 'MarketAnalyzer' object has no attribute '_get_market_context'
2025-04-12 05:22:19,847 - NewsSense - ERROR - Traceback (most recent call last):
  File "C:\Users\Dhana\Desktop\newssense\market_analyzer\src\analyzer\market_analyzer.py", line 115, in analyze_security
    sector_context = self._get_sector_context(info.get('sector'))
                     ^^^^^^^^^^^^^^^^^^^^^^^^
AttributeError: 'MarketAnalyzer' object has no attribute '_get_sector_context'

During handling of the above exception, another exception occurred:

Traceback (most recent call last):
  File "C:\Users\Dhana\Desktop\newssense\market_analyzer\main.py", line 173, in analyze_security
    security_data = self.market_analyzer.analyze_security(ticker)
                    ^^^^^^^^^^^^^^^^^^^^^^^^^^^^^^^^^^^^^^^^^^^^^
  File "C:\Users\Dhana\Desktop\newssense\market_analyzer\src\analyzer\market_analyzer.py", line 145, in analyze_security
    return self._create_empty_security_data(ticker, f"Analysis error: {str(e)}")
           ^^^^^^^^^^^^^^^^^^^^^^^^^^^^^^^^^^^^^^^^^^^^^^^^^^^^^^^^^^^^^^^^^^^^^
  File "C:\Users\Dhana\Desktop\newssense\market_analyzer\src\analyzer\market_analyzer.py", line 196, in _create_empty_security_data
    'market_context': self._get_market_context(),
                      ^^^^^^^^^^^^^^^^^^^^^^^^
AttributeError: 'MarketAnalyzer' object has no attribute '_get_market_context'. Did you mean: '_generate_market_context'?

2025-04-12 05:24:59,193 - GeminiHelper - INFO - Loaded 10 custom ticker mappings
2025-04-12 05:24:59,194 - NewsSense - INFO - Gemini helper initialized successfully
2025-04-12 05:24:59,197 - NewsSense - INFO - NewsSense initialized successfully
2025-04-12 05:25:10,533 - MarketAnalyzer - INFO - Analyzing security data for AAPL
2025-04-12 05:25:25,260 - MarketAnalyzer - ERROR - Error in security analysis for AAPL: 'MarketAnalyzer' object has no attribute '_get_technical_analysis'
2025-04-12 05:25:25,267 - MarketAnalyzer - ERROR - Traceback (most recent call last):
  File "C:\Users\Dhana\Desktop\newssense\market_analyzer\src\analyzer\market_analyzer.py", line 121, in analyze_security
    technical_analysis = self._get_technical_analysis(data)
                         ^^^^^^^^^^^^^^^^^^^^^^^^^^^^
AttributeError: 'MarketAnalyzer' object has no attribute '_get_technical_analysis'

2025-04-12 05:25:25,271 - NewsCollector - INFO - Scraping news for AAPL from multiple sources...
2025-04-12 05:25:25,274 - NewsCollector - INFO - Requesting: https://finance.yahoo.com/quote/AAPL/news
2025-04-12 05:25:25,276 - NewsCollector - INFO - Requesting: https://www.marketwatch.com/investing/stock/aapl
2025-04-12 05:25:25,278 - NewsCollector - INFO - Requesting: https://www.reuters.com/companies/AAPL.O
2025-04-12 05:25:25,283 - NewsCollector - INFO - Requesting: https://www.cnbc.com/quotes/aapl
2025-04-12 05:25:25,287 - NewsCollector - INFO - Requesting: https://seekingalpha.com/symbol/AAPL/news
2025-04-12 05:25:28,239 - NewsCollector - INFO - Found 8 articles from marketwatch
2025-04-12 05:25:29,164 - NewsCollector - INFO - News saved to data/scraped_news\AAPL_news_20250412_052529.json
2025-04-12 05:25:29,165 - NewsCollector - INFO - Total articles found for AAPL: 8
2025-04-12 05:25:29,167 - MarketAnalyzer - INFO - Analyzing impact of 8 news items
2025-04-12 05:25:29,244 - MarketAnalyzer - INFO - Generating explanation for AAPL
2025-04-12 05:30:05,525 - GeminiHelper - INFO - Loaded 10 custom ticker mappings
2025-04-12 05:30:05,526 - NewsSense - INFO - Gemini helper initialized successfully
2025-04-12 05:30:05,529 - NewsSense - INFO - NewsSense initialized successfully
2025-04-12 05:30:11,213 - MarketAnalyzer - INFO - Analyzing security data for QQQ
2025-04-12 05:30:15,906 - MarketAnalyzer - INFO - Analysis saved to data/analysis\analysis_QQQ_20250412_053015.txt
2025-04-12 05:30:15,907 - NewsCollector - INFO - Scraping news for QQQ from multiple sources...
2025-04-12 05:30:15,909 - NewsCollector - INFO - Requesting: https://finance.yahoo.com/quote/QQQ/news
2025-04-12 05:30:15,910 - NewsCollector - INFO - Requesting: https://www.marketwatch.com/investing/stock/qqq
2025-04-12 05:30:15,912 - NewsCollector - INFO - Requesting: https://www.reuters.com/companies/QQQ.O
2025-04-12 05:30:15,914 - NewsCollector - INFO - Requesting: https://www.cnbc.com/quotes/qqq
2025-04-12 05:30:15,916 - NewsCollector - INFO - Requesting: https://seekingalpha.com/symbol/QQQ/news
2025-04-12 05:30:17,382 - NewsCollector - WARNING - MarketWatch returned status code 401
2025-04-12 05:30:25,157 - NewsCollector - WARNING - No news articles found for QQQ
2025-04-12 05:30:25,158 - MarketAnalyzer - WARNING - No news items to analyze
2025-04-12 05:30:25,158 - MarketAnalyzer - INFO - Generating explanation for QQQ
2025-04-12 05:30:46,326 - MarketAnalyzer - INFO - Analyzing security data for AAPL
2025-04-12 05:30:49,676 - MarketAnalyzer - INFO - Analysis saved to data/analysis\analysis_AAPL_20250412_053049.txt
2025-04-12 05:30:49,677 - NewsCollector - INFO - Scraping news for AAPL from multiple sources...
2025-04-12 05:30:49,678 - NewsCollector - INFO - Requesting: https://finance.yahoo.com/quote/AAPL/news
2025-04-12 05:30:49,679 - NewsCollector - INFO - Requesting: https://www.marketwatch.com/investing/stock/aapl
2025-04-12 05:30:49,680 - NewsCollector - INFO - Requesting: https://www.reuters.com/companies/AAPL.O
2025-04-12 05:30:49,682 - NewsCollector - INFO - Requesting: https://www.cnbc.com/quotes/aapl
2025-04-12 05:30:49,685 - NewsCollector - INFO - Requesting: https://seekingalpha.com/symbol/AAPL/news
2025-04-12 05:30:50,878 - NewsCollector - WARNING - MarketWatch returned status code 401
2025-04-12 05:30:52,142 - NewsCollector - WARNING - No news articles found for AAPL
2025-04-12 05:30:52,144 - MarketAnalyzer - WARNING - No news items to analyze
2025-04-12 05:30:52,145 - MarketAnalyzer - INFO - Generating explanation for AAPL
2025-04-12 05:31:17,715 - MarketAnalyzer - INFO - Analyzing security data for MSFT
2025-04-12 05:31:19,283 - MarketAnalyzer - INFO - Analysis saved to data/analysis\analysis_MSFT_20250412_053119.txt
2025-04-12 05:31:19,284 - NewsCollector - INFO - Scraping news for MSFT from multiple sources...
2025-04-12 05:31:19,285 - NewsCollector - INFO - Requesting: https://finance.yahoo.com/quote/MSFT/news
2025-04-12 05:31:19,285 - NewsCollector - INFO - Requesting: https://www.marketwatch.com/investing/stock/msft
2025-04-12 05:31:19,286 - NewsCollector - INFO - Requesting: https://www.reuters.com/companies/MSFT.O
2025-04-12 05:31:19,288 - NewsCollector - INFO - Requesting: https://www.cnbc.com/quotes/msft
2025-04-12 05:31:19,292 - NewsCollector - INFO - Requesting: https://seekingalpha.com/symbol/MSFT/news
2025-04-12 05:31:20,393 - NewsCollector - WARNING - MarketWatch returned status code 401
2025-04-12 05:31:22,378 - NewsCollector - WARNING - No news articles found for MSFT
2025-04-12 05:31:22,380 - MarketAnalyzer - WARNING - No news items to analyze
2025-04-12 05:31:22,380 - MarketAnalyzer - INFO - Generating explanation for MSFT
2025-04-12 05:34:36,258 - QueryProcessor - INFO - Processing query: Why is AAPL up today?
2025-04-12 05:34:36,261 - QueryProcessor - INFO - Extracted query components: {'original_query': 'Why is AAPL up today?', 'intent': 'price_movement', 'tickers': ['AAPL'], 'timeframe': 'today', 'security_type': None, 'direction': 'up', 'specific_factors': []}
2025-04-12 05:34:36,262 - MarketAnalyzer - INFO - Using cached security data for AAPL
2025-04-12 05:34:36,263 - NewsCollector - INFO - Scraping news for AAPL from multiple sources...
2025-04-12 05:34:36,264 - NewsCollector - INFO - Requesting: https://finance.yahoo.com/quote/AAPL/news
2025-04-12 05:34:36,266 - NewsCollector - INFO - Requesting: https://www.marketwatch.com/investing/stock/aapl
2025-04-12 05:34:36,266 - NewsCollector - INFO - Requesting: https://www.reuters.com/companies/AAPL.O
2025-04-12 05:34:36,268 - NewsCollector - INFO - Requesting: https://www.cnbc.com/quotes/aapl
2025-04-12 05:34:36,270 - NewsCollector - INFO - Requesting: https://seekingalpha.com/symbol/AAPL/news
2025-04-12 05:34:37,755 - NewsCollector - WARNING - MarketWatch returned status code 401
2025-04-12 05:34:39,042 - NewsCollector - WARNING - No news articles found for AAPL
2025-04-12 05:34:39,042 - MarketAnalyzer - WARNING - No news items to analyze
2025-04-12 05:34:39,044 - MarketAnalyzer - INFO - Generating explanation for AAPL
2025-04-12 05:34:39,047 - QueryProcessor - INFO - Query saved to data/queries\query_20250412_053439.json
2025-04-12 05:34:59,222 - QueryProcessor - INFO - Processing query: why jyothi lab stocks went down?
2025-04-12 05:34:59,225 - QueryProcessor - INFO - Extracted query components: {'original_query': 'why jyothi lab stocks went down?', 'intent': 'price_movement', 'tickers': [], 'timeframe': 'today', 'security_type': 'stock', 'direction': 'down', 'specific_factors': []}
2025-04-12 05:34:59,228 - GeminiHelper - INFO - Found tickers from local mappings: ['DIA']
2025-04-12 05:34:59,230 - QueryProcessor - INFO - Used Gemini to extract tickers: ['DIA']
2025-04-12 05:34:59,231 - MarketAnalyzer - INFO - Analyzing security data for DIA
2025-04-12 05:35:02,161 - MarketAnalyzer - INFO - Analysis saved to data/analysis\analysis_DIA_20250412_053502.txt
2025-04-12 05:35:02,162 - NewsCollector - INFO - Scraping news for DIA from multiple sources...
2025-04-12 05:35:02,163 - NewsCollector - INFO - Requesting: https://finance.yahoo.com/quote/DIA/news
2025-04-12 05:35:02,164 - NewsCollector - INFO - Requesting: https://www.marketwatch.com/investing/stock/dia
2025-04-12 05:35:02,165 - NewsCollector - INFO - Requesting: https://www.reuters.com/companies/DIA.O
2025-04-12 05:35:02,168 - NewsCollector - INFO - Requesting: https://www.cnbc.com/quotes/dia
2025-04-12 05:35:02,172 - NewsCollector - INFO - Requesting: https://seekingalpha.com/symbol/DIA/news
2025-04-12 05:35:03,504 - NewsCollector - WARNING - MarketWatch returned status code 401
2025-04-12 05:35:04,941 - NewsCollector - WARNING - Reuters returned status code 404
2025-04-12 05:35:06,069 - NewsCollector - WARNING - No news articles found for DIA
2025-04-12 05:35:06,071 - MarketAnalyzer - WARNING - No news items to analyze
2025-04-12 05:35:06,072 - MarketAnalyzer - INFO - Generating explanation for DIA
2025-04-12 05:35:06,075 - QueryProcessor - INFO - Query saved to data/queries\query_20250412_053506.json
2025-04-12 05:38:11,890 - QueryProcessor - INFO - Processing query: Any macro news impacting tech-focused funds?
2025-04-12 05:38:11,891 - QueryProcessor - INFO - Extracted query components: {'original_query': 'Any macro news impacting tech-focused funds?', 'intent': 'news_impact', 'tickers': [], 'timeframe': 'today', 'security_type': 'fund', 'direction': None, 'specific_factors': []}
2025-04-12 05:38:11,892 - GeminiHelper - INFO - Found tickers from local mappings: ['XLK']
2025-04-12 05:38:11,893 - QueryProcessor - INFO - Used Gemini to extract tickers: ['XLK']
2025-04-12 05:38:11,893 - MarketAnalyzer - INFO - Analyzing security data for XLK
2025-04-12 05:38:15,143 - MarketAnalyzer - INFO - Analysis saved to data/analysis\analysis_XLK_20250412_053815.txt
2025-04-12 05:38:15,145 - NewsCollector - INFO - Scraping news for XLK from multiple sources...
2025-04-12 05:38:15,147 - NewsCollector - INFO - Requesting: https://finance.yahoo.com/quote/XLK/news
2025-04-12 05:38:15,148 - NewsCollector - INFO - Requesting: https://www.marketwatch.com/investing/stock/xlk
2025-04-12 05:38:15,149 - NewsCollector - INFO - Requesting: https://www.reuters.com/companies/XLK.O
2025-04-12 05:38:15,157 - NewsCollector - INFO - Requesting: https://www.cnbc.com/quotes/xlk
2025-04-12 05:38:15,161 - NewsCollector - INFO - Requesting: https://seekingalpha.com/symbol/XLK/news
2025-04-12 05:38:16,195 - NewsCollector - WARNING - MarketWatch returned status code 401
2025-04-12 05:38:18,186 - NewsCollector - WARNING - Reuters returned status code 404
2025-04-12 05:38:18,939 - NewsCollector - WARNING - No news articles found for XLK
2025-04-12 05:38:18,941 - MarketAnalyzer - WARNING - No news items to analyze
2025-04-12 05:38:18,943 - QueryProcessor - INFO - Query saved to data/queries\query_20250412_053818.json
2025-04-12 05:41:10,751 - GeminiHelper - INFO - Loaded 10 custom ticker mappings
2025-04-12 05:41:10,752 - NewsSense - INFO - Gemini helper initialized successfully
2025-04-12 05:41:10,754 - NewsSense - ERROR - Initialization error: 'NewsCollector' object has no attribute '_scrape_thefly'
2025-04-12 05:41:10,759 - NewsSense - ERROR - Traceback (most recent call last):
  File "C:\Users\Dhana\Desktop\newssense\market_analyzer\main.py", line 51, in __init__
    self.news_collector = NewsCollector()
                          ^^^^^^^^^^^^^^^
  File "C:\Users\Dhana\Desktop\newssense\market_analyzer\src\news_scraper\news_collector.py", line 46, in __init__
    "thefly": self._scrape_thefly,
              ^^^^^^^^^^^^^^^^^^^
AttributeError: 'NewsCollector' object has no attribute '_scrape_thefly'

2025-04-12 05:41:46,347 - GeminiHelper - INFO - Loaded 10 custom ticker mappings
2025-04-12 05:41:46,348 - NewsSense - INFO - Gemini helper initialized successfully
2025-04-12 05:41:46,349 - NewsSense - ERROR - Initialization error: 'NewsCollector' object has no attribute '_scrape_thefly'
2025-04-12 05:41:46,356 - NewsSense - ERROR - Traceback (most recent call last):
  File "C:\Users\Dhana\Desktop\newssense\market_analyzer\main.py", line 51, in __init__
    self.news_collector = NewsCollector()
                          ^^^^^^^^^^^^^^^
  File "C:\Users\Dhana\Desktop\newssense\market_analyzer\src\news_scraper\news_collector.py", line 46, in __init__
    "thefly": self._scrape_thefly,
              ^^^^^^^^^^^^^^^^^^^
AttributeError: 'NewsCollector' object has no attribute '_scrape_thefly'

2025-04-12 05:44:25,779 - GeminiHelper - INFO - Loaded 10 custom ticker mappings
2025-04-12 05:44:25,779 - NewsSense - INFO - Gemini helper initialized successfully
2025-04-12 05:44:25,782 - NewsSense - INFO - NewsSense initialized successfully
2025-04-12 05:44:35,190 - MarketAnalyzer - INFO - Analyzing security data for QQQ
2025-04-12 05:44:37,873 - MarketAnalyzer - INFO - Analysis saved to data/analysis\analysis_QQQ_20250412_054437.txt
2025-04-12 05:44:37,873 - NewsCollector - INFO - Scraping news for QQQ from multiple sources...
2025-04-12 05:44:38,018 - NewsCollector - INFO - Requesting: https://www.investing.com/equities/qqq-news
2025-04-12 05:44:38,034 - NewsCollector - INFO - Requesting: https://www.cnbc.com/quotes/qqq
2025-04-12 05:44:38,042 - NewsCollector - INFO - Requesting: https://www.marketwatch.com/investing/stock/qqq
2025-04-12 05:44:38,062 - NewsCollector - INFO - Requesting: https://www.bloomberg.com/quote/QQQ:US
2025-04-12 05:44:38,067 - NewsCollector - INFO - Requesting: https://thefly.com/news.php?symbol=QQQ
2025-04-12 05:44:38,069 - NewsCollector - INFO - Requesting: https://finviz.com/quote.ashx?t=qqq
2025-04-12 05:44:38,075 - NewsCollector - INFO - Requesting: https://seekingalpha.com/symbol/QQQ/news
2025-04-12 05:44:38,095 - NewsCollector - INFO - Requesting: https://www.zacks.com/stock/quote/QQQ/news
2025-04-12 05:44:38,111 - NewsCollector - INFO - Requesting: https://www.barrons.com/quote/stock/QQQ
2025-04-12 05:44:38,117 - NewsCollector - INFO - Requesting: https://www.reuters.com/companies/QQQ.O
2025-04-12 05:44:38,133 - NewsCollector - INFO - Requesting: https://www.benzinga.com/stock/qqq
2025-04-12 05:44:38,169 - NewsCollector - INFO - Requesting: https://finance.yahoo.com/quote/QQQ/news
2025-04-12 05:44:38,749 - NewsCollector - WARNING - Investing.com returned status code 403
2025-04-12 05:44:38,941 - NewsCollector - WARNING - MarketWatch returned status code 401
2025-04-12 05:44:41,793 - NewsCollector - WARNING - bloomberg returned status code 403
2025-04-12 05:44:42,650 - NewsCollector - WARNING - barrons returned status code 401
2025-04-12 05:44:42,873 - NewsCollector - INFO - Found 10 articles from finviz
2025-04-12 05:44:43,452 - NewsCollector - INFO - News saved to data/scraped_news\QQQ_news_20250412_054443.json
2025-04-12 05:44:43,452 - NewsCollector - INFO - Total articles found for QQQ: 10
2025-04-12 05:44:43,454 - MarketAnalyzer - INFO - Analyzing impact of 10 news items
2025-04-12 05:44:43,502 - MarketAnalyzer - INFO - Generating explanation for QQQ
2025-04-12 05:45:23,534 - QueryProcessor - INFO - Processing query: Why is AAPL up today?
2025-04-12 05:45:23,536 - QueryProcessor - INFO - Extracted query components: {'original_query': 'Why is AAPL up today?', 'intent': 'price_movement', 'tickers': ['AAPL'], 'timeframe': 'today', 'security_type': None, 'direction': 'up', 'specific_factors': []}
2025-04-12 05:45:23,537 - MarketAnalyzer - INFO - Analyzing security data for AAPL
2025-04-12 05:45:26,013 - MarketAnalyzer - INFO - Analysis saved to data/analysis\analysis_AAPL_20250412_054526.txt
2025-04-12 05:45:26,014 - NewsCollector - INFO - Scraping news for AAPL from multiple sources...
2025-04-12 05:45:26,118 - NewsCollector - INFO - Requesting: https://www.benzinga.com/stock/aapl
2025-04-12 05:45:26,139 - NewsCollector - INFO - Requesting: https://seekingalpha.com/symbol/AAPL/news
2025-04-12 05:45:26,144 - NewsCollector - INFO - Requesting: https://www.zacks.com/stock/quote/AAPL/news
2025-04-12 05:45:26,151 - NewsCollector - INFO - Requesting: https://www.investing.com/equities/aapl-news
2025-04-12 05:45:26,154 - NewsCollector - INFO - Requesting: https://finance.yahoo.com/quote/AAPL/news
2025-04-12 05:45:26,157 - NewsCollector - INFO - Requesting: https://finviz.com/quote.ashx?t=aapl
2025-04-12 05:45:26,167 - NewsCollector - INFO - Requesting: https://thefly.com/news.php?symbol=AAPL
2025-04-12 05:45:26,192 - NewsCollector - INFO - Requesting: https://www.cnbc.com/quotes/aapl
2025-04-12 05:45:26,202 - NewsCollector - INFO - Requesting: https://www.barrons.com/quote/stock/AAPL
2025-04-12 05:45:26,216 - NewsCollector - INFO - Requesting: https://www.reuters.com/companies/AAPL.O
2025-04-12 05:45:26,287 - NewsCollector - INFO - Requesting: https://www.marketwatch.com/investing/stock/aapl
2025-04-12 05:45:26,309 - NewsCollector - INFO - Requesting: https://www.bloomberg.com/quote/AAPL:US
2025-04-12 05:45:26,913 - NewsCollector - WARNING - Investing.com returned status code 403
2025-04-12 05:45:27,152 - NewsCollector - WARNING - MarketWatch returned status code 401
2025-04-12 05:45:29,316 - NewsCollector - INFO - Found 10 articles from finviz
2025-04-12 05:45:30,143 - NewsCollector - WARNING - barrons returned status code 401
2025-04-12 05:45:31,738 - NewsCollector - WARNING - bloomberg returned status code 403
2025-04-12 05:45:31,934 - NewsCollector - INFO - News saved to data/scraped_news\AAPL_news_20250412_054531.json
2025-04-12 05:45:31,934 - NewsCollector - INFO - Total articles found for AAPL: 10
2025-04-12 05:45:31,935 - MarketAnalyzer - INFO - Analyzing impact of 10 news items
2025-04-12 05:45:31,939 - MarketAnalyzer - INFO - Generating explanation for AAPL
2025-04-12 05:45:31,941 - QueryProcessor - INFO - Query saved to data/queries\query_20250412_054531.json
2025-04-12 05:46:21,015 - QueryProcessor - INFO - Processing query: What happened to Nifty this week?
2025-04-12 05:46:21,016 - QueryProcessor - INFO - Extracted query components: {'original_query': 'What happened to Nifty this week?', 'intent': 'price_movement', 'tickers': ['NIFTY50'], 'timeframe': 'this_week', 'security_type': None, 'direction': None, 'specific_factors': []}
2025-04-12 05:46:21,017 - MarketAnalyzer - INFO - Analyzing security data for NIFTY50
2025-04-12 05:46:24,981 - yfinance - ERROR - 404 Client Error: Not Found for url: https://query2.finance.yahoo.com/v10/finance/quoteSummary/NIFTY50?modules=financialData%2CquoteType%2CdefaultKeyStatistics%2CassetProfile%2CsummaryDetail&corsDomain=finance.yahoo.com&formatted=false&symbol=NIFTY50&crumb=rZiZFDBZ6eq
2025-04-12 05:46:24,982 - MarketAnalyzer - ERROR - Error initializing ticker NIFTY50: 'NoneType' object has no attribute 'update'
2025-04-12 05:46:24,983 - NewsCollector - INFO - Scraping news for NIFTY50 from multiple sources...
2025-04-12 05:46:25,094 - NewsCollector - INFO - Requesting: https://finviz.com/quote.ashx?t=nifty50
2025-04-12 05:46:25,107 - NewsCollector - INFO - Requesting: https://seekingalpha.com/symbol/NIFTY50/news
2025-04-12 05:46:25,118 - NewsCollector - INFO - Requesting: https://www.investing.com/equities/nifty50-news
2025-04-12 05:46:25,123 - NewsCollector - INFO - Requesting: https://www.bloomberg.com/quote/NIFTY50:US
2025-04-12 05:46:25,132 - NewsCollector - INFO - Requesting: https://www.benzinga.com/stock/nifty50
2025-04-12 05:46:25,159 - NewsCollector - INFO - Requesting: https://www.barrons.com/quote/stock/NIFTY50
2025-04-12 05:46:25,164 - NewsCollector - INFO - Requesting: https://www.zacks.com/stock/quote/NIFTY50/news
2025-04-12 05:46:25,174 - NewsCollector - INFO - Requesting: https://www.cnbc.com/quotes/nifty50
2025-04-12 05:46:25,189 - NewsCollector - INFO - Requesting: https://www.reuters.com/companies/NIFTY50.O
2025-04-12 05:46:25,207 - NewsCollector - INFO - Requesting: https://thefly.com/news.php?symbol=NIFTY50
2025-04-12 05:46:25,262 - NewsCollector - INFO - Requesting: https://www.marketwatch.com/investing/stock/nifty50
2025-04-12 05:46:25,273 - NewsCollector - INFO - Requesting: https://finance.yahoo.com/quote/NIFTY50/news
2025-04-12 05:46:25,889 - NewsCollector - WARNING - Investing.com returned status code 403
2025-04-12 05:46:26,494 - NewsCollector - WARNING - Seeking Alpha returned status code 404
2025-04-12 05:46:26,923 - NewsCollector - WARNING - CNBC returned status code 404
2025-04-12 05:46:27,010 - NewsCollector - WARNING - Finviz returned status code 404
2025-04-12 05:46:27,620 - NewsCollector - WARNING - Reuters returned status code 404
2025-04-12 05:46:29,008 - NewsCollector - INFO - Found 8 articles from marketwatch
2025-04-12 05:46:30,617 - NewsCollector - WARNING - bloomberg returned status code 403
2025-04-12 05:46:31,177 - NewsCollector - WARNING - barrons returned status code 401
2025-04-12 05:46:31,182 - NewsCollector - INFO - News saved to data/scraped_news\NIFTY50_news_20250412_054631.json
2025-04-12 05:46:31,184 - NewsCollector - INFO - Total articles found for NIFTY50: 8
2025-04-12 05:46:31,185 - MarketAnalyzer - INFO - Analyzing impact of 5 news items
2025-04-12 05:46:31,188 - MarketAnalyzer - INFO - Generating explanation for NIFTY50
2025-04-12 05:46:31,190 - QueryProcessor - INFO - Query saved to data/queries\query_20250412_054631.json
2025-04-12 05:47:14,353 - QueryProcessor - INFO - Processing query: Why did Jyothy Labs up today?
2025-04-12 05:47:14,353 - QueryProcessor - INFO - Extracted query components: {'original_query': 'Why did Jyothy Labs up today?', 'intent': 'price_movement', 'tickers': ['JYOTHYLAB.NS'], 'timeframe': 'today', 'security_type': None, 'direction': 'up', 'specific_factors': []}
2025-04-12 05:47:14,354 - MarketAnalyzer - INFO - Analyzing security data for JYOTHYLAB.NS
2025-04-12 05:47:15,477 - MarketAnalyzer - INFO - Analysis saved to data/analysis\analysis_JYOTHYLAB.NS_20250412_054715.txt
2025-04-12 05:47:15,478 - NewsCollector - INFO - Scraping news for JYOTHYLAB.NS from multiple sources...
2025-04-12 05:47:15,598 - NewsCollector - INFO - Requesting: https://www.benzinga.com/stock/jyothylab.ns
2025-04-12 05:47:15,599 - NewsCollector - INFO - Requesting: https://finviz.com/quote.ashx?t=jyothylab.ns
2025-04-12 05:47:15,625 - NewsCollector - INFO - Requesting: https://seekingalpha.com/symbol/JYOTHYLAB.NS/news
2025-04-12 05:47:15,649 - NewsCollector - INFO - Requesting: https://www.reuters.com/companies/JYOTHYLAB.NS.O
2025-04-12 05:47:15,651 - NewsCollector - INFO - Requesting: https://www.barrons.com/quote/stock/JYOTHYLAB.NS
2025-04-12 05:47:15,689 - NewsCollector - INFO - Requesting: https://www.marketwatch.com/investing/stock/jyothylab.ns
2025-04-12 05:47:15,702 - NewsCollector - INFO - Requesting: https://finance.yahoo.com/quote/JYOTHYLAB.NS/news
2025-04-12 05:47:15,708 - NewsCollector - INFO - Requesting: https://www.bloomberg.com/quote/JYOTHYLAB.NS:US
2025-04-12 05:47:15,735 - NewsCollector - INFO - Requesting: https://www.investing.com/equities/jyothylab.ns-news
2025-04-12 05:47:15,737 - NewsCollector - INFO - Requesting: https://thefly.com/news.php?symbol=JYOTHYLAB.NS
2025-04-12 05:47:15,740 - NewsCollector - INFO - Requesting: https://www.zacks.com/stock/quote/JYOTHYLAB.NS/news
2025-04-12 05:47:15,755 - NewsCollector - INFO - Requesting: https://www.cnbc.com/quotes/jyothylab.ns
2025-04-12 05:47:16,495 - NewsCollector - WARNING - Investing.com returned status code 403
2025-04-12 05:47:16,595 - NewsCollector - WARNING - MarketWatch returned status code 401
2025-04-12 05:47:16,943 - NewsCollector - WARNING - Seeking Alpha returned status code 404
2025-04-12 05:47:17,491 - NewsCollector - WARNING - Finviz returned status code 404
2025-04-12 05:47:17,504 - NewsCollector - WARNING - CNBC returned status code 404
2025-04-12 05:47:17,897 - NewsCollector - WARNING - Reuters returned status code 404
2025-04-12 05:47:21,066 - NewsCollector - WARNING - bloomberg returned status code 403
2025-04-12 05:47:21,431 - NewsCollector - WARNING - barrons returned status code 403
2025-04-12 05:47:21,436 - NewsCollector - WARNING - No news articles found for JYOTHYLAB.NS
2025-04-12 05:47:21,437 - MarketAnalyzer - WARNING - No news items to analyze
2025-04-12 05:47:21,437 - MarketAnalyzer - INFO - Generating explanation for JYOTHYLAB.NS
2025-04-12 05:47:21,440 - QueryProcessor - INFO - Query saved to data/queries\query_20250412_054721.json
2025-04-12 05:48:03,530 - MarketAnalyzer - INFO - Using cached security data for AAPL
2025-04-12 05:48:03,531 - NewsCollector - INFO - Using cached news for AAPL
2025-04-12 05:48:03,531 - MarketAnalyzer - INFO - Analyzing impact of 10 news items
2025-04-12 05:48:29,004 - MarketAnalyzer - INFO - Using cached security data for AAPL
2025-04-12 05:48:29,005 - NewsCollector - INFO - Using cached news for AAPL
2025-04-12 05:48:29,006 - MarketAnalyzer - INFO - Analyzing impact of 10 news items
2025-04-12 05:48:29,012 - MarketAnalyzer - INFO - Analyzing security data for MSFT
2025-04-12 05:48:29,906 - MarketAnalyzer - INFO - Analysis saved to data/analysis\analysis_MSFT_20250412_054829.txt
2025-04-12 05:48:29,906 - NewsCollector - INFO - Scraping news for MSFT from multiple sources...
2025-04-12 05:48:30,017 - NewsCollector - INFO - Requesting: https://finance.yahoo.com/quote/MSFT/news
2025-04-12 05:48:30,032 - NewsCollector - INFO - Requesting: https://thefly.com/news.php?symbol=MSFT
2025-04-12 05:48:30,054 - NewsCollector - INFO - Requesting: https://www.barrons.com/quote/stock/MSFT
2025-04-12 05:48:30,059 - NewsCollector - INFO - Requesting: https://www.investing.com/equities/msft-news
2025-04-12 05:48:30,109 - NewsCollector - INFO - Requesting: https://www.cnbc.com/quotes/msft
2025-04-12 05:48:30,109 - NewsCollector - INFO - Requesting: https://www.zacks.com/stock/quote/MSFT/news
2025-04-12 05:48:30,117 - NewsCollector - INFO - Requesting: https://www.bloomberg.com/quote/MSFT:US
2025-04-12 05:48:30,145 - NewsCollector - INFO - Requesting: https://seekingalpha.com/symbol/MSFT/news
2025-04-12 05:48:30,169 - NewsCollector - INFO - Requesting: https://www.marketwatch.com/investing/stock/msft
2025-04-12 05:48:30,171 - NewsCollector - INFO - Requesting: https://www.reuters.com/companies/MSFT.O
2025-04-12 05:48:30,199 - NewsCollector - INFO - Requesting: https://www.benzinga.com/stock/msft
2025-04-12 05:48:30,205 - NewsCollector - INFO - Requesting: https://finviz.com/quote.ashx?t=msft
2025-04-12 05:48:30,872 - NewsCollector - WARNING - Investing.com returned status code 403
2025-04-12 05:48:31,998 - NewsCollector - INFO - Found 8 articles from marketwatch
2025-04-12 05:48:33,797 - NewsCollector - INFO - Found 10 articles from finviz
2025-04-12 05:48:34,840 - NewsCollector - WARNING - bloomberg returned status code 403
2025-04-12 05:48:35,460 - NewsCollector - INFO - News saved to data/scraped_news\MSFT_news_20250412_054835.json
2025-04-12 05:48:35,460 - NewsCollector - INFO - Total articles found for MSFT: 18
2025-04-12 05:48:35,461 - MarketAnalyzer - INFO - Analyzing impact of 18 news items
2025-04-12 05:48:35,467 - MarketAnalyzer - INFO - Analyzing security data for AMZN
2025-04-12 05:48:36,502 - MarketAnalyzer - INFO - Analysis saved to data/analysis\analysis_AMZN_20250412_054836.txt
2025-04-12 05:48:36,503 - NewsCollector - INFO - Scraping news for AMZN from multiple sources...
2025-04-12 05:48:36,669 - NewsCollector - INFO - Requesting: https://finviz.com/quote.ashx?t=amzn
2025-04-12 05:48:36,674 - NewsCollector - INFO - Requesting: https://finance.yahoo.com/quote/AMZN/news
2025-04-12 05:48:36,715 - NewsCollector - INFO - Requesting: https://www.benzinga.com/stock/amzn
2025-04-12 05:48:36,747 - NewsCollector - INFO - Requesting: https://www.zacks.com/stock/quote/AMZN/news
2025-04-12 05:48:36,749 - NewsCollector - INFO - Requesting: https://www.investing.com/equities/amzn-news
2025-04-12 05:48:36,749 - NewsCollector - INFO - Requesting: https://www.cnbc.com/quotes/amzn
2025-04-12 05:48:36,779 - NewsCollector - INFO - Requesting: https://www.reuters.com/companies/AMZN.O
2025-04-12 05:48:36,784 - NewsCollector - INFO - Requesting: https://www.marketwatch.com/investing/stock/amzn
2025-04-12 05:48:36,788 - NewsCollector - INFO - Requesting: https://seekingalpha.com/symbol/AMZN/news
2025-04-12 05:48:37,594 - NewsCollector - WARNING - Investing.com returned status code 403
2025-04-12 05:48:37,675 - NewsCollector - WARNING - MarketWatch returned status code 401
2025-04-12 05:48:37,831 - NewsCollector - INFO - Requesting: https://thefly.com/news.php?symbol=AMZN
2025-04-12 05:48:38,121 - NewsCollector - INFO - Requesting: https://www.barrons.com/quote/stock/AMZN
2025-04-12 05:48:38,947 - NewsCollector - INFO - Requesting: https://www.bloomberg.com/quote/AMZN:US
2025-04-12 05:48:40,540 - NewsCollector - INFO - Found 10 articles from finviz
2025-04-12 05:48:44,251 - NewsCollector - WARNING - bloomberg returned status code 403
2025-04-12 05:48:44,401 - NewsCollector - INFO - News saved to data/scraped_news\AMZN_news_20250412_054844.json
2025-04-12 05:48:44,401 - NewsCollector - INFO - Total articles found for AMZN: 10
2025-04-12 05:48:44,402 - MarketAnalyzer - INFO - Analyzing impact of 10 news items
2025-04-12 05:49:36,267 - QueryProcessor - INFO - Processing query: WHY APPPLE IS DOWN TODAY?
2025-04-12 05:49:36,269 - QueryProcessor - INFO - Extracted query components: {'original_query': 'WHY APPPLE IS DOWN TODAY?', 'intent': 'price_movement', 'tickers': [], 'timeframe': 'today', 'security_type': None, 'direction': 'down', 'specific_factors': []}
2025-04-12 05:49:36,270 - GeminiHelper - INFO - Found tickers from local mappings: ['WHY', 'IS', 'DOWN', 'TODAY']
2025-04-12 05:49:36,270 - QueryProcessor - INFO - Used Gemini to extract tickers: ['WHY', 'IS', 'DOWN', 'TODAY']
2025-04-12 05:49:36,270 - MarketAnalyzer - INFO - Analyzing security data for WHY
2025-04-12 05:49:36,462 - yfinance - ERROR - $WHY: possibly delisted; no price data found  (period=1d)
2025-04-12 05:49:36,462 - MarketAnalyzer - WARNING - No historical data available for WHY
2025-04-12 05:49:36,464 - NewsCollector - INFO - Scraping news for WHY from multiple sources...
2025-04-12 05:49:36,628 - NewsCollector - INFO - Requesting: https://www.cnbc.com/quotes/why
2025-04-12 05:49:36,630 - NewsCollector - INFO - Requesting: https://thefly.com/news.php?symbol=WHY
2025-04-12 05:49:36,642 - NewsCollector - INFO - Requesting: https://www.benzinga.com/stock/why
2025-04-12 05:49:36,643 - NewsCollector - INFO - Requesting: https://www.bloomberg.com/quote/WHY:US
2025-04-12 05:49:36,643 - NewsCollector - INFO - Requesting: https://finance.yahoo.com/quote/WHY/news
2025-04-12 05:49:36,654 - NewsCollector - INFO - Requesting: https://www.reuters.com/companies/WHY.O
2025-04-12 05:49:36,661 - NewsCollector - INFO - Requesting: https://seekingalpha.com/symbol/WHY/news
2025-04-12 05:49:36,671 - NewsCollector - INFO - Requesting: https://www.zacks.com/stock/quote/WHY/news
2025-04-12 05:49:36,695 - NewsCollector - INFO - Requesting: https://www.investing.com/equities/why-news
2025-04-12 05:49:36,707 - NewsCollector - INFO - Requesting: https://www.barrons.com/quote/stock/WHY
2025-04-12 05:49:36,743 - NewsCollector - INFO - Requesting: https://www.marketwatch.com/investing/stock/why
2025-04-12 05:49:36,746 - NewsCollector - INFO - Requesting: https://finviz.com/quote.ashx?t=why
2025-04-12 05:49:37,545 - NewsCollector - WARNING - Investing.com returned status code 403
2025-04-12 05:49:37,703 - NewsCollector - WARNING - MarketWatch returned status code 401
2025-04-12 05:49:38,065 - NewsCollector - WARNING - Seeking Alpha returned status code 404
2025-04-12 05:49:38,651 - NewsCollector - WARNING - Finviz returned status code 404
2025-04-12 05:49:39,081 - NewsCollector - WARNING - Reuters returned status code 404
2025-04-12 05:49:40,637 - NewsCollector - WARNING - barrons returned status code 401
2025-04-12 05:49:41,542 - NewsCollector - WARNING - bloomberg returned status code 403
2025-04-12 05:49:43,132 - NewsCollector - WARNING - No news articles found for WHY
2025-04-12 05:49:43,132 - MarketAnalyzer - WARNING - No news items to analyze
2025-04-12 05:49:43,133 - MarketAnalyzer - INFO - Generating explanation for WHY
2025-04-12 05:49:43,133 - MarketAnalyzer - INFO - Analyzing security data for IS
2025-04-12 05:49:46,842 - yfinance - ERROR - $IS: possibly delisted; no price data found  (period=1d) (Yahoo error = "No data found, symbol may be delisted")
2025-04-12 05:49:46,843 - MarketAnalyzer - WARNING - No historical data available for IS
2025-04-12 05:49:46,844 - NewsCollector - INFO - Scraping news for IS from multiple sources...
2025-04-12 05:49:46,992 - NewsCollector - INFO - Requesting: https://www.bloomberg.com/quote/IS:US
2025-04-12 05:49:46,998 - NewsCollector - INFO - Requesting: https://thefly.com/news.php?symbol=IS
2025-04-12 05:49:47,019 - NewsCollector - INFO - Requesting: https://www.zacks.com/stock/quote/IS/news
2025-04-12 05:49:47,029 - NewsCollector - INFO - Requesting: https://finviz.com/quote.ashx?t=is
2025-04-12 05:49:47,031 - NewsCollector - INFO - Requesting: https://www.barrons.com/quote/stock/IS
2025-04-12 05:49:47,035 - NewsCollector - INFO - Requesting: https://finance.yahoo.com/quote/IS/news
2025-04-12 05:49:47,044 - NewsCollector - INFO - Requesting: https://www.investing.com/equities/is-news
2025-04-12 05:49:47,045 - NewsCollector - INFO - Requesting: https://seekingalpha.com/symbol/IS/news
2025-04-12 05:49:47,058 - NewsCollector - INFO - Requesting: https://www.reuters.com/companies/IS.O
2025-04-12 05:49:47,063 - NewsCollector - INFO - Requesting: https://www.benzinga.com/stock/is
2025-04-12 05:49:47,063 - NewsCollector - INFO - Requesting: https://www.marketwatch.com/investing/stock/is
2025-04-12 05:49:47,068 - NewsCollector - INFO - Requesting: https://www.cnbc.com/quotes/is
2025-04-12 05:49:47,871 - NewsCollector - WARNING - Investing.com returned status code 403
2025-04-12 05:49:47,992 - NewsCollector - WARNING - MarketWatch returned status code 401
2025-04-12 05:49:48,493 - NewsCollector - WARNING - CNBC returned status code 404
2025-04-12 05:49:48,704 - NewsCollector - WARNING - Seeking Alpha returned status code 403
2025-04-12 05:49:49,157 - NewsCollector - WARNING - Finviz returned status code 404
2025-04-12 05:49:49,441 - NewsCollector - WARNING - Reuters returned status code 404
2025-04-12 05:49:50,802 - NewsCollector - WARNING - bloomberg returned status code 403
2025-04-12 05:49:51,430 - NewsCollector - WARNING - barrons returned status code 401
2025-04-12 05:49:52,936 - NewsCollector - WARNING - No news articles found for IS
2025-04-12 05:49:52,938 - MarketAnalyzer - WARNING - No news items to analyze
2025-04-12 05:49:52,938 - MarketAnalyzer - INFO - Generating explanation for IS
2025-04-12 05:49:52,939 - MarketAnalyzer - INFO - Analyzing security data for DOWN
2025-04-12 05:49:57,551 - yfinance - ERROR - $DOWN: possibly delisted; no price data found  (period=1d) (Yahoo error = "No data found, symbol may be delisted")
2025-04-12 05:49:57,553 - MarketAnalyzer - WARNING - No historical data available for DOWN
2025-04-12 05:49:57,555 - NewsCollector - INFO - Scraping news for DOWN from multiple sources...
2025-04-12 05:49:57,663 - NewsCollector - INFO - Requesting: https://www.zacks.com/stock/quote/DOWN/news
2025-04-12 05:49:57,683 - NewsCollector - INFO - Requesting: https://www.reuters.com/companies/DOWN.O
2025-04-12 05:49:57,684 - NewsCollector - INFO - Requesting: https://www.benzinga.com/stock/down
2025-04-12 05:49:57,685 - NewsCollector - INFO - Requesting: https://www.investing.com/equities/down-news
2025-04-12 05:49:57,725 - NewsCollector - INFO - Requesting: https://thefly.com/news.php?symbol=DOWN
2025-04-12 05:49:57,730 - NewsCollector - INFO - Requesting: https://finviz.com/quote.ashx?t=down
2025-04-12 05:49:57,737 - NewsCollector - INFO - Requesting: https://finance.yahoo.com/quote/DOWN/news
2025-04-12 05:49:57,781 - NewsCollector - INFO - Requesting: https://seekingalpha.com/symbol/DOWN/news
2025-04-12 05:49:57,794 - NewsCollector - INFO - Requesting: https://www.bloomberg.com/quote/DOWN:US
2025-04-12 05:49:57,803 - NewsCollector - INFO - Requesting: https://www.marketwatch.com/investing/stock/down
2025-04-12 05:49:57,809 - NewsCollector - INFO - Requesting: https://www.barrons.com/quote/stock/DOWN
2025-04-12 05:49:57,852 - NewsCollector - INFO - Requesting: https://www.cnbc.com/quotes/down
2025-04-12 05:49:58,492 - NewsCollector - WARNING - Investing.com returned status code 403
2025-04-12 05:49:58,667 - NewsCollector - WARNING - MarketWatch returned status code 401
2025-04-12 05:49:58,892 - NewsCollector - WARNING - Seeking Alpha returned status code 403
2025-04-12 05:49:59,553 - NewsCollector - WARNING - CNBC returned status code 404
2025-04-12 05:49:59,604 - NewsCollector - WARNING - Finviz returned status code 404
2025-04-12 05:50:00,023 - NewsCollector - WARNING - Reuters returned status code 404
2025-04-12 05:50:03,115 - NewsCollector - WARNING - barrons returned status code 401
2025-04-12 05:50:03,215 - NewsCollector - WARNING - bloomberg returned status code 403
2025-04-12 05:50:03,218 - NewsCollector - WARNING - No news articles found for DOWN
2025-04-12 05:50:03,219 - MarketAnalyzer - WARNING - No news items to analyze
2025-04-12 05:50:03,219 - MarketAnalyzer - INFO - Generating explanation for DOWN
2025-04-12 05:50:03,220 - MarketAnalyzer - INFO - Analyzing security data for TODAY
2025-04-12 05:50:05,435 - yfinance - ERROR - $TODAY: possibly delisted; no price data found  (period=1d) (Yahoo error = "No data found, symbol may be delisted")
2025-04-12 05:50:05,436 - MarketAnalyzer - WARNING - No historical data available for TODAY
2025-04-12 05:50:05,438 - NewsCollector - INFO - Scraping news for TODAY from multiple sources...
2025-04-12 05:50:05,565 - NewsCollector - INFO - Requesting: https://finviz.com/quote.ashx?t=today
2025-04-12 05:50:05,565 - NewsCollector - INFO - Requesting: https://www.reuters.com/companies/TODAY.O
2025-04-12 05:50:05,571 - NewsCollector - INFO - Requesting: https://www.marketwatch.com/investing/stock/today
2025-04-12 05:50:05,595 - NewsCollector - INFO - Requesting: https://www.zacks.com/stock/quote/TODAY/news
2025-04-12 05:50:05,595 - NewsCollector - INFO - Requesting: https://finance.yahoo.com/quote/TODAY/news
2025-04-12 05:50:05,598 - NewsCollector - INFO - Requesting: https://www.cnbc.com/quotes/today
2025-04-12 05:50:05,661 - NewsCollector - INFO - Requesting: https://www.investing.com/equities/today-news
2025-04-12 05:50:05,711 - NewsCollector - INFO - Requesting: https://www.benzinga.com/stock/today
2025-04-12 05:50:05,721 - NewsCollector - INFO - Requesting: https://www.bloomberg.com/quote/TODAY:US
2025-04-12 05:50:05,728 - NewsCollector - INFO - Requesting: https://seekingalpha.com/symbol/TODAY/news
2025-04-12 05:50:06,341 - NewsCollector - WARNING - Investing.com returned status code 403
2025-04-12 05:50:06,362 - NewsCollector - WARNING - MarketWatch returned status code 401
2025-04-12 05:50:06,694 - NewsCollector - WARNING - Seeking Alpha returned status code 403
2025-04-12 05:50:06,797 - NewsCollector - INFO - Requesting: https://thefly.com/news.php?symbol=TODAY
2025-04-12 05:50:07,447 - NewsCollector - WARNING - Finviz returned status code 404
2025-04-12 05:50:07,559 - NewsCollector - INFO - Requesting: https://www.barrons.com/quote/stock/TODAY
2025-04-12 05:50:07,899 - NewsCollector - WARNING - Reuters returned status code 404
2025-04-12 05:50:08,550 - NewsCollector - WARNING - CNBC returned status code 404
2025-04-12 05:50:10,912 - NewsCollector - WARNING - bloomberg returned status code 403
2025-04-12 05:50:14,049 - NewsCollector - WARNING - barrons returned status code 404
2025-04-12 05:50:14,051 - NewsCollector - WARNING - No news articles found for TODAY
2025-04-12 05:50:14,051 - MarketAnalyzer - WARNING - No news items to analyze
2025-04-12 05:50:14,051 - MarketAnalyzer - INFO - Generating explanation for TODAY
2025-04-12 05:50:14,054 - QueryProcessor - INFO - Query saved to data/queries\query_20250412_055014.json
2025-04-12 06:00:57,286 - QueryProcessor - INFO - Processing query: WHY APPPLE IS DOWN TODAY?
2025-04-12 06:00:57,287 - QueryProcessor - INFO - Extracted query components: {'original_query': 'WHY APPPLE IS DOWN TODAY?', 'intent': 'price_movement', 'tickers': [], 'timeframe': 'today', 'security_type': None, 'direction': 'down', 'specific_factors': []}
2025-04-12 06:00:57,288 - GeminiHelper - INFO - Found tickers from local mappings: ['WHY', 'IS', 'DOWN', 'TODAY']
2025-04-12 06:00:57,288 - QueryProcessor - INFO - Used Gemini to extract tickers: ['WHY', 'IS', 'DOWN', 'TODAY']
2025-04-12 06:00:57,288 - MarketAnalyzer - INFO - Analyzing security data for WHY
2025-04-12 06:00:57,846 - yfinance - ERROR - $WHY: possibly delisted; no price data found  (period=1d)
2025-04-12 06:00:57,847 - MarketAnalyzer - WARNING - No historical data available for WHY
2025-04-12 06:00:58,561 - NewsCollector - INFO - Scraping news for WHY from multiple sources...
2025-04-12 06:00:58,679 - NewsCollector - INFO - Requesting: https://thefly.com/news.php?symbol=WHY
2025-04-12 06:00:58,735 - NewsCollector - INFO - Requesting: https://www.reuters.com/companies/WHY.O
2025-04-12 06:00:58,745 - NewsCollector - INFO - Requesting: https://www.investing.com/equities/why-news
2025-04-12 06:00:58,749 - NewsCollector - INFO - Requesting: https://finviz.com/quote.ashx?t=why
2025-04-12 06:00:58,777 - NewsCollector - INFO - Requesting: https://www.marketwatch.com/investing/stock/why
2025-04-12 06:00:58,777 - NewsCollector - INFO - Requesting: https://seekingalpha.com/symbol/WHY/news
2025-04-12 06:00:58,805 - NewsCollector - INFO - Requesting: https://www.zacks.com/stock/quote/WHY/news
2025-04-12 06:00:58,812 - NewsCollector - INFO - Requesting: https://www.bloomberg.com/quote/WHY:US
2025-04-12 06:00:58,814 - NewsCollector - INFO - Requesting: https://www.benzinga.com/stock/why
2025-04-12 06:00:58,823 - NewsCollector - INFO - Requesting: https://www.barrons.com/quote/stock/WHY
2025-04-12 06:00:58,830 - NewsCollector - INFO - Requesting: https://finance.yahoo.com/quote/WHY/news
2025-04-12 06:00:58,849 - NewsCollector - INFO - Requesting: https://www.cnbc.com/quotes/why
2025-04-12 06:00:59,553 - NewsCollector - WARNING - Investing.com returned status code 403
2025-04-12 06:00:59,603 - NewsCollector - WARNING - MarketWatch returned status code 401
2025-04-12 06:01:00,085 - NewsCollector - WARNING - Seeking Alpha returned status code 404
2025-04-12 06:01:00,477 - NewsCollector - WARNING - Reuters returned status code 404
2025-04-12 06:01:00,627 - NewsCollector - WARNING - Finviz returned status code 404
2025-04-12 06:01:03,943 - NewsCollector - WARNING - bloomberg returned status code 403
2025-04-12 06:01:06,393 - NewsCollector - WARNING - No news articles found for WHY
2025-04-12 06:01:06,394 - MarketAnalyzer - WARNING - No news items to analyze
2025-04-12 06:01:06,395 - MarketAnalyzer - INFO - Generating explanation for WHY
2025-04-12 06:01:06,395 - MarketAnalyzer - INFO - Analyzing security data for IS
2025-04-12 06:01:09,095 - yfinance - ERROR - $IS: possibly delisted; no price data found  (period=1d) (Yahoo error = "No data found, symbol may be delisted")
2025-04-12 06:01:09,096 - MarketAnalyzer - WARNING - No historical data available for IS
2025-04-12 06:01:09,098 - NewsCollector - INFO - Scraping news for IS from multiple sources...
2025-04-12 06:01:09,202 - NewsCollector - INFO - Requesting: https://www.marketwatch.com/investing/stock/is
2025-04-12 06:01:09,227 - NewsCollector - INFO - Requesting: https://www.investing.com/equities/is-news
2025-04-12 06:01:09,228 - NewsCollector - INFO - Requesting: https://www.zacks.com/stock/quote/IS/news
2025-04-12 06:01:09,249 - NewsCollector - INFO - Requesting: https://www.bloomberg.com/quote/IS:US
2025-04-12 06:01:09,287 - NewsCollector - INFO - Requesting: https://thefly.com/news.php?symbol=IS
2025-04-12 06:01:09,294 - NewsCollector - INFO - Requesting: https://www.reuters.com/companies/IS.O
2025-04-12 06:01:09,296 - NewsCollector - INFO - Requesting: https://finviz.com/quote.ashx?t=is
2025-04-12 06:01:09,317 - NewsCollector - INFO - Requesting: https://www.cnbc.com/quotes/is
2025-04-12 06:01:09,324 - NewsCollector - INFO - Requesting: https://finance.yahoo.com/quote/IS/news
2025-04-12 06:01:09,325 - NewsCollector - INFO - Requesting: https://www.barrons.com/quote/stock/IS
2025-04-12 06:01:09,328 - NewsCollector - INFO - Requesting: https://seekingalpha.com/symbol/IS/news
2025-04-12 06:01:09,339 - NewsCollector - INFO - Requesting: https://www.benzinga.com/stock/is
2025-04-12 06:01:10,043 - NewsCollector - WARNING - Investing.com returned status code 403
2025-04-12 06:01:10,725 - NewsCollector - WARNING - CNBC returned status code 404
2025-04-12 06:01:10,744 - NewsCollector - WARNING - Seeking Alpha returned status code 403
2025-04-12 06:01:11,259 - NewsCollector - WARNING - Finviz returned status code 404
2025-04-12 06:01:11,260 - NewsCollector - WARNING - Reuters returned status code 404
2025-04-12 06:01:12,506 - NewsCollector - INFO - Found 4 articles from marketwatch
2025-04-12 06:01:12,763 - NewsCollector - WARNING - bloomberg returned status code 403
2025-04-12 06:01:14,227 - NewsCollector - WARNING - barrons returned status code 401
2025-04-12 06:01:19,421 - NewsSense - WARNING - Gemini helper not available: Gemini API key is required
2025-04-12 06:01:19,424 - NewsSense - INFO - NewsSense initialized successfully
2025-04-12 06:01:23,105 - QueryProcessor - INFO - Processing query: WHY APPPLE IS DOWN TODAY?
2025-04-12 06:01:23,107 - QueryProcessor - INFO - Extracted query components: {'original_query': 'WHY APPPLE IS DOWN TODAY?', 'intent': 'price_movement', 'tickers': [], 'timeframe': 'today', 'security_type': None, 'direction': 'down', 'specific_factors': []}
2025-04-12 06:01:23,109 - QueryProcessor - INFO - Query saved to data/queries\query_20250412_060123.json
2025-04-12 06:02:36,781 - NewsSense - WARNING - Gemini helper not available: Gemini API key is required
2025-04-12 06:02:36,782 - NewsSense - ERROR - Initialization error: Gemini API key is required
2025-04-12 06:02:36,784 - NewsSense - ERROR - Traceback (most recent call last):
  File "C:\Users\Dhana\Desktop\newssense\market_analyzer\main.py", line 51, in __init__
    self.gemini_helper = GeminiHelper()
                         ^^^^^^^^^^^^^^
  File "C:\Users\Dhana\Desktop\newssense\market_analyzer\src\utils\gemini_helper.py", line 19, in __init__
    raise ValueError("Gemini API key is required")
ValueError: Gemini API key is required

2025-04-12 06:05:05,345 - NewsSense - WARNING - Gemini helper not available: Gemini API key is required
2025-04-12 06:05:05,346 - NewsSense - ERROR - Initialization error: Gemini API key is required
2025-04-12 06:05:05,347 - NewsSense - ERROR - Traceback (most recent call last):
  File "C:\Users\Dhana\Desktop\newssense\market_analyzer\main.py", line 51, in __init__
    self.gemini_helper = GeminiHelper()
                         ^^^^^^^^^^^^^^
  File "C:\Users\Dhana\Desktop\newssense\market_analyzer\src\utils\gemini_helper.py", line 19, in __init__
    raise ValueError("Gemini API key is required")
ValueError: Gemini API key is required

2025-04-12 06:06:45,340 - GeminiHelper - INFO - Gemini helper initialized successfully
2025-04-12 06:06:45,340 - NewsSense - INFO - Gemini helper initialized successfully
2025-04-12 06:06:45,341 - GeminiHelper - INFO - Gemini helper initialized successfully
2025-04-12 06:06:45,343 - NewsSense - INFO - NewsSense initialized successfully
2025-04-12 06:06:54,401 - QueryProcessor - INFO - Processing query: WHY APPPLE IS DOWN TODAY?
2025-04-12 06:06:57,232 - GeminiHelper - ERROR - Gemini API error: 401 - {
  "error": {
    "code": 401,
    "message": "Request had invalid authentication credentials. Expected OAuth 2 access token, login cookie or other valid authentication credential. See https://developers.google.com/identity/sign-in/web/devconsole-project.",
    "status": "UNAUTHENTICATED"
  }
}

2025-04-12 06:06:57,235 - QueryProcessor - INFO - Extracted query components: {'original_query': 'WHY APPPLE IS DOWN TODAY?', 'intent': 'price_movement', 'tickers': [], 'timeframe': 'today', 'security_type': None, 'direction': 'down', 'specific_factors': []}
2025-04-12 06:08:24,048 - GeminiHelper - INFO - Gemini helper initialized successfully
2025-04-12 06:08:24,049 - NewsSense - INFO - Gemini helper initialized successfully
2025-04-12 06:08:24,050 - GeminiHelper - INFO - Gemini helper initialized successfully
2025-04-12 06:08:24,052 - NewsSense - INFO - NewsSense initialized successfully
2025-04-12 06:08:33,818 - QueryProcessor - INFO - Processing query: WHY APPPLE IS DOWN TODAY?
2025-04-12 06:08:35,724 - GeminiHelper - ERROR - Gemini API error: 401 - {
  "error": {
    "code": 401,
    "message": "Request had invalid authentication credentials. Expected OAuth 2 access token, login cookie or other valid authentication credential. See https://developers.google.com/identity/sign-in/web/devconsole-project.",
    "status": "UNAUTHENTICATED"
  }
}

2025-04-12 06:08:35,729 - QueryProcessor - INFO - Extracted query components: {'original_query': 'WHY APPPLE IS DOWN TODAY?', 'intent': 'price_movement', 'tickers': [], 'timeframe': 'today', 'security_type': None, 'direction': 'down', 'specific_factors': []}
2025-04-12 06:10:56,576 - GeminiHelper - INFO - Gemini helper initialized successfully
2025-04-12 06:10:56,577 - NewsSense - INFO - Gemini helper initialized successfully
2025-04-12 06:10:56,578 - GeminiHelper - INFO - Gemini helper initialized successfully
2025-04-12 06:10:56,580 - NewsSense - INFO - NewsSense initialized successfully
2025-04-12 06:11:04,217 - QueryProcessor - INFO - Processing query: WHY APPPLE IS DOWN TODAY?
2025-04-12 06:11:06,060 - GeminiHelper - ERROR - Gemini API error: 401 - {
  "error": {
    "code": 401,
    "message": "Request had invalid authentication credentials. Expected OAuth 2 access token, login cookie or other valid authentication credential. See https://developers.google.com/identity/sign-in/web/devconsole-project.",
    "status": "UNAUTHENTICATED"
  }
}

2025-04-12 06:11:06,066 - QueryProcessor - INFO - Extracted query components: {'original_query': 'WHY APPPLE IS DOWN TODAY?', 'intent': 'price_movement', 'tickers': [], 'timeframe': 'today', 'security_type': None, 'direction': 'down', 'specific_factors': []}
2025-04-12 06:19:14,255 - NewsSense - WARNING - Gemini helper not available: 'GeminiHelper' object has no attribute '_load_company_mappings'
2025-04-12 06:19:14,256 - NewsSense - ERROR - Initialization error: 'GeminiHelper' object has no attribute '_load_company_mappings'
2025-04-12 06:19:14,259 - NewsSense - ERROR - Traceback (most recent call last):
  File "C:\Users\Dhana\Desktop\newssense\market_analyzer\main.py", line 51, in __init__
    self.gemini_helper = GeminiHelper()
                         ^^^^^^^^^^^^^^
  File "C:\Users\Dhana\Desktop\newssense\market_analyzer\src\utils\gemini_helper.py", line 36, in __init__
    self.company_mappings = self._load_company_mappings()
                            ^^^^^^^^^^^^^^^^^^^^^^^^^^^
AttributeError: 'GeminiHelper' object has no attribute '_load_company_mappings'

2025-04-12 06:22:24,386 - GeminiHelper - INFO - Gemini helper initialized successfully
2025-04-12 06:22:24,387 - NewsSense - INFO - Gemini helper initialized successfully
2025-04-12 06:22:24,388 - GeminiHelper - INFO - Gemini helper initialized successfully
2025-04-12 06:22:24,390 - NewsSense - INFO - NewsSense initialized successfully
2025-04-12 06:22:34,450 - QueryProcessor - INFO - Processing query: WHY APPPLE IS DOWN TODAY?
2025-04-12 06:22:38,113 - GeminiHelper - ERROR - Gemini API error: 400 - {
  "error": {
    "code": 400,
    "message": "* GenerateContentRequest.safety_settings[0]: element predicate failed: $.category in (HarmCategory.HARM_CATEGORY_HATE_SPEECH, HarmCategory.HARM_CATEGORY_SEXUALLY_EXPLICIT, HarmCategory.HARM_CATEGORY_DANGEROUS_CONTENT, HarmCategory.HARM_CATEGORY_HARASSMENT, HarmCategory.HARM_CATEGORY_CIVIC_INTEGRITY)\n",
    "status": "INVALID_ARGUMENT"
  }
}

2025-04-12 06:22:38,118 - QueryProcessor - INFO - Extracted query components: {'original_query': 'WHY APPPLE IS DOWN TODAY?', 'intent': 'price_movement', 'tickers': [], 'timeframe': 'today', 'security_type': None, 'direction': 'down', 'specific_factors': []}
2025-04-12 06:22:38,118 - QueryProcessor - INFO - Using Gemini analysis: {'original_query': 'WHY APPPLE IS DOWN TODAY?', 'intent': 'price_movement', 'tickers': ['AAPL'], 'timeframe': 'today', 'security_type': None, 'direction': 'down', 'specific_factors': [], 'company_name': 'apple'}
2025-04-12 06:22:38,119 - MarketAnalyzer - INFO - Analyzing security data for AAPL
2025-04-12 06:22:41,710 - MarketAnalyzer - INFO - Analysis saved to data/analysis\analysis_AAPL_20250412_062241.txt
2025-04-12 06:22:41,710 - NewsCollector - INFO - Scraping news for AAPL from multiple sources...
2025-04-12 06:22:41,863 - NewsCollector - INFO - Requesting: https://finviz.com/quote.ashx?t=aapl
2025-04-12 06:22:41,869 - NewsCollector - INFO - Requesting: https://finance.yahoo.com/quote/AAPL/news
2025-04-12 06:22:41,904 - NewsCollector - INFO - Requesting: https://thefly.com/news.php?symbol=AAPL
2025-04-12 06:22:41,908 - NewsCollector - INFO - Requesting: https://www.investing.com/equities/aapl-news
2025-04-12 06:22:41,912 - NewsCollector - INFO - Requesting: https://www.cnbc.com/quotes/aapl
2025-04-12 06:22:41,919 - NewsCollector - INFO - Requesting: https://www.bloomberg.com/quote/AAPL:US
2025-04-12 06:22:41,942 - NewsCollector - INFO - Requesting: https://www.barrons.com/quote/stock/AAPL
2025-04-12 06:22:41,949 - NewsCollector - INFO - Requesting: https://seekingalpha.com/symbol/AAPL/news
2025-04-12 06:22:41,963 - NewsCollector - INFO - Requesting: https://www.marketwatch.com/investing/stock/aapl
2025-04-12 06:22:41,975 - NewsCollector - INFO - Requesting: https://www.reuters.com/companies/AAPL.O
2025-04-12 06:22:41,977 - NewsCollector - INFO - Requesting: https://www.benzinga.com/stock/aapl
2025-04-12 06:22:41,986 - NewsCollector - INFO - Requesting: https://www.zacks.com/stock/quote/AAPL/news
2025-04-12 06:22:42,678 - NewsCollector - WARNING - Investing.com returned status code 403
2025-04-12 06:22:42,852 - NewsCollector - WARNING - MarketWatch returned status code 401
2025-04-12 06:22:45,916 - NewsCollector - INFO - Found 10 articles from finviz
2025-04-12 06:22:46,961 - NewsCollector - WARNING - bloomberg returned status code 403
2025-04-12 06:22:47,195 - NewsCollector - INFO - News saved to data/scraped_news\AAPL_news_20250412_062247.json
2025-04-12 06:22:47,195 - NewsCollector - INFO - Total articles found for AAPL: 10
2025-04-12 06:22:47,195 - MarketAnalyzer - INFO - Analyzing impact of 10 news items
2025-04-12 06:22:47,237 - MarketAnalyzer - INFO - Generating explanation for AAPL
2025-04-12 06:24:16,949 - QueryProcessor - INFO - Processing query: why apple was dowwn tooday?
2025-04-12 06:24:20,637 - GeminiHelper - ERROR - Gemini API error: 400 - {
  "error": {
    "code": 400,
    "message": "* GenerateContentRequest.safety_settings[0]: element predicate failed: $.category in (HarmCategory.HARM_CATEGORY_HATE_SPEECH, HarmCategory.HARM_CATEGORY_SEXUALLY_EXPLICIT, HarmCategory.HARM_CATEGORY_DANGEROUS_CONTENT, HarmCategory.HARM_CATEGORY_HARASSMENT, HarmCategory.HARM_CATEGORY_CIVIC_INTEGRITY)\n",
    "status": "INVALID_ARGUMENT"
  }
}

2025-04-12 06:24:20,640 - QueryProcessor - INFO - Extracted query components: {'original_query': 'why apple was dowwn tooday?', 'intent': 'price_movement', 'tickers': [], 'timeframe': 'today', 'security_type': None, 'direction': None, 'specific_factors': []}
2025-04-12 06:24:20,640 - QueryProcessor - INFO - Using Gemini analysis: {'original_query': 'why apple was dowwn tooday?', 'intent': 'price_movement', 'tickers': ['AAPL'], 'timeframe': 'today', 'security_type': None, 'direction': None, 'specific_factors': [], 'company_name': 'apple'}
2025-04-12 06:24:20,641 - MarketAnalyzer - INFO - Using cached security data for AAPL
2025-04-12 06:24:20,641 - NewsCollector - INFO - Using cached news for AAPL
2025-04-12 06:24:20,641 - MarketAnalyzer - INFO - Analyzing impact of 10 news items
2025-04-12 06:24:20,647 - MarketAnalyzer - INFO - Generating explanation for AAPL
2025-04-12 06:27:00,325 - QueryProcessor - INFO - Processing query: whhy applle was down tody?
2025-04-12 06:27:04,146 - GeminiHelper - ERROR - Gemini API error: 400 - {
  "error": {
    "code": 400,
    "message": "* GenerateContentRequest.safety_settings[0]: element predicate failed: $.category in (HarmCategory.HARM_CATEGORY_HATE_SPEECH, HarmCategory.HARM_CATEGORY_SEXUALLY_EXPLICIT, HarmCategory.HARM_CATEGORY_DANGEROUS_CONTENT, HarmCategory.HARM_CATEGORY_HARASSMENT, HarmCategory.HARM_CATEGORY_CIVIC_INTEGRITY)\n",
    "status": "INVALID_ARGUMENT"
  }
}

2025-04-12 06:27:04,148 - QueryProcessor - INFO - Extracted query components: {'original_query': 'whhy applle was down tody?', 'intent': 'price_movement', 'tickers': [], 'timeframe': 'today', 'security_type': None, 'direction': 'down', 'specific_factors': []}
2025-04-12 06:27:04,149 - QueryProcessor - INFO - Using Gemini analysis: {'original_query': 'whhy applle was down tody?', 'intent': 'price_movement', 'tickers': ['AAPL'], 'timeframe': 'today', 'security_type': None, 'direction': 'down', 'specific_factors': [], 'company_name': 'apple'}
2025-04-12 06:27:04,149 - MarketAnalyzer - INFO - Using cached security data for AAPL
2025-04-12 06:27:04,149 - NewsCollector - INFO - Using cached news for AAPL
2025-04-12 06:27:04,150 - MarketAnalyzer - INFO - Analyzing impact of 10 news items
2025-04-12 06:27:04,154 - MarketAnalyzer - INFO - Generating explanation for AAPL
2025-04-12 06:28:21,910 - QueryProcessor - INFO - Processing query: Why did VTI drop today?
2025-04-12 06:28:25,497 - GeminiHelper - ERROR - Gemini API error: 400 - {
  "error": {
    "code": 400,
    "message": "* GenerateContentRequest.safety_settings[0]: element predicate failed: $.category in (HarmCategory.HARM_CATEGORY_HATE_SPEECH, HarmCategory.HARM_CATEGORY_SEXUALLY_EXPLICIT, HarmCategory.HARM_CATEGORY_DANGEROUS_CONTENT, HarmCategory.HARM_CATEGORY_HARASSMENT, HarmCategory.HARM_CATEGORY_CIVIC_INTEGRITY)\n",
    "status": "INVALID_ARGUMENT"
  }
}

2025-04-12 06:28:25,501 - QueryProcessor - INFO - Extracted query components: {'original_query': 'Why did VTI drop today?', 'intent': 'price_movement', 'tickers': ['VTI'], 'timeframe': 'today', 'security_type': None, 'direction': 'down', 'specific_factors': []}
2025-04-12 06:28:25,501 - QueryProcessor - INFO - Using Gemini analysis: {'original_query': 'Why did VTI drop today?', 'intent': 'price_movement', 'tickers': [], 'timeframe': 'today', 'security_type': None, 'direction': 'down', 'specific_factors': [], 'company_name': None}
2025-04-12 06:43:30,448 - GeminiHelper - INFO - Gemini helper initialized successfully
2025-04-12 06:43:30,448 - NewsSense - INFO - Gemini helper initialized successfully
2025-04-12 06:43:30,449 - GeminiHelper - INFO - Gemini helper initialized successfully
2025-04-12 06:43:30,451 - NewsSense - INFO - Gemini helper initialized successfully
2025-04-12 06:43:30,451 - GeminiHelper - INFO - Gemini helper initialized successfully
2025-04-12 06:43:30,456 - NewsSense - INFO - NewsSense initialized successfully
2025-04-12 06:45:11,279 - MarketAnalyzer - INFO - Analyzing security data for MSFT
2025-04-12 06:45:15,424 - MarketAnalyzer - INFO - Analysis saved to data/analysis\analysis_MSFT_20250412_064515.txt
2025-04-12 06:45:15,424 - NewsCollector - INFO - Scraping news for MSFT from multiple sources...
2025-04-12 06:45:15,530 - NewsCollector - INFO - Requesting: https://www.bloomberg.com/quote/MSFT:US
2025-04-12 06:45:15,543 - NewsCollector - INFO - Requesting: https://www.reuters.com/companies/MSFT.O
2025-04-12 06:45:15,545 - NewsCollector - INFO - Requesting: https://www.cnbc.com/quotes/msft
2025-04-12 06:45:15,553 - NewsCollector - INFO - Requesting: https://www.zacks.com/stock/quote/MSFT/news
2025-04-12 06:45:15,553 - NewsCollector - INFO - Requesting: https://www.investing.com/equities/msft-news
2025-04-12 06:45:15,570 - NewsCollector - INFO - Requesting: https://www.barrons.com/quote/stock/MSFT
2025-04-12 06:45:15,588 - NewsCollector - INFO - Requesting: https://seekingalpha.com/symbol/MSFT/news
2025-04-12 06:45:15,594 - NewsCollector - INFO - Requesting: https://finance.yahoo.com/quote/MSFT/news
2025-04-12 06:45:15,619 - NewsCollector - INFO - Requesting: https://finviz.com/quote.ashx?t=msft
2025-04-12 06:45:15,644 - NewsCollector - INFO - Requesting: https://www.benzinga.com/stock/msft
2025-04-12 06:45:15,718 - NewsCollector - INFO - Requesting: https://thefly.com/news.php?symbol=MSFT
2025-04-12 06:45:15,723 - NewsCollector - INFO - Requesting: https://www.marketwatch.com/investing/stock/msft
2025-04-12 06:45:16,366 - NewsCollector - WARNING - Investing.com returned status code 403
2025-04-12 06:45:16,476 - NewsCollector - WARNING - MarketWatch returned status code 401
2025-04-12 06:45:19,512 - NewsCollector - WARNING - bloomberg returned status code 403
2025-04-12 06:45:19,641 - NewsCollector - INFO - Found 10 articles from finviz
2025-04-12 06:45:20,571 - NewsCollector - WARNING - barrons returned status code 401
2025-04-12 06:45:21,968 - NewsCollector - INFO - News saved to data/scraped_news\MSFT_news_20250412_064521.json
2025-04-12 06:45:21,968 - NewsCollector - INFO - Total articles found for MSFT: 10
2025-04-12 06:45:21,968 - MarketAnalyzer - INFO - Analyzing impact of 10 news items
2025-04-12 06:45:22,007 - MarketAnalyzer - INFO - Generating explanation for MSFT
2025-04-12 06:45:46,478 - GeminiHelper - INFO - Found direct ticker: ['QQQ']
2025-04-12 06:45:46,478 - MarketAnalyzer - INFO - Analyzing security data for QQQ
2025-04-12 06:45:47,609 - MarketAnalyzer - INFO - Analysis saved to data/analysis\analysis_QQQ_20250412_064547.txt
2025-04-12 06:45:47,609 - NewsCollector - INFO - Scraping news for QQQ from multiple sources...
2025-04-12 06:45:47,739 - NewsCollector - INFO - Requesting: https://seekingalpha.com/symbol/QQQ/news
2025-04-12 06:45:47,752 - NewsCollector - INFO - Requesting: https://www.benzinga.com/stock/qqq
2025-04-12 06:45:47,758 - NewsCollector - INFO - Requesting: https://www.barrons.com/quote/stock/QQQ
2025-04-12 06:45:47,781 - NewsCollector - INFO - Requesting: https://www.cnbc.com/quotes/qqq
2025-04-12 06:45:47,791 - NewsCollector - INFO - Requesting: https://www.investing.com/equities/qqq-news
2025-04-12 06:45:47,816 - NewsCollector - INFO - Requesting: https://finviz.com/quote.ashx?t=qqq
2025-04-12 06:45:47,884 - NewsCollector - INFO - Requesting: https://www.reuters.com/companies/QQQ.O
2025-04-12 06:45:47,906 - NewsCollector - INFO - Requesting: https://thefly.com/news.php?symbol=QQQ
2025-04-12 06:45:47,907 - NewsCollector - INFO - Requesting: https://www.zacks.com/stock/quote/QQQ/news
2025-04-12 06:45:47,907 - NewsCollector - INFO - Requesting: https://finance.yahoo.com/quote/QQQ/news
2025-04-12 06:45:47,917 - NewsCollector - INFO - Requesting: https://www.bloomberg.com/quote/QQQ:US
2025-04-12 06:45:47,920 - NewsCollector - INFO - Requesting: https://www.marketwatch.com/investing/stock/qqq
2025-04-12 06:45:48,615 - NewsCollector - WARNING - Investing.com returned status code 403
2025-04-12 06:45:48,696 - NewsCollector - WARNING - MarketWatch returned status code 401
2025-04-12 06:45:52,121 - NewsCollector - WARNING - barrons returned status code 401
2025-04-12 06:45:52,788 - NewsCollector - WARNING - bloomberg returned status code 403
2025-04-12 06:45:55,617 - NewsCollector - INFO - Found 10 articles from finviz
2025-04-12 06:45:55,621 - NewsCollector - INFO - News saved to data/scraped_news\QQQ_news_20250412_064555.json
2025-04-12 06:45:55,621 - NewsCollector - INFO - Total articles found for QQQ: 10
2025-04-12 06:45:55,621 - MarketAnalyzer - INFO - Analyzing impact of 10 news items
2025-04-12 06:45:55,624 - MarketAnalyzer - INFO - Generating explanation for QQQ
2025-04-12 06:55:13,907 - NewsSense - ERROR - Initialization error: expected 'except' or 'finally' block (gemini_helper.py, line 236)
2025-04-12 06:55:13,910 - NewsSense - ERROR - Traceback (most recent call last):
  File "C:\Users\Dhana\Desktop\newssense\market_analyzer\main.py", line 44, in __init__
    from src.utils.gemini_helper import GeminiHelper  # Move import here
    ^^^^^^^^^^^^^^^^^^^^^^^^^^^^^^^^^^^^^^^^^^^^^^^^
  File "C:\Users\Dhana\Desktop\newssense\market_analyzer\src\utils\gemini_helper.py", line 236
    def _search_company_tickers(self, company_name):
SyntaxError: expected 'except' or 'finally' block

2025-04-12 06:57:51,864 - GeminiHelper - INFO - Gemini helper initialized successfully
2025-04-12 06:57:51,865 - NewsSense - INFO - Gemini helper initialized successfully
2025-04-12 06:57:51,865 - GeminiHelper - INFO - Gemini helper initialized successfully
2025-04-12 06:57:51,866 - NewsSense - INFO - Gemini helper initialized successfully
2025-04-12 06:57:51,867 - GeminiHelper - INFO - Gemini helper initialized successfully
2025-04-12 06:57:51,869 - NewsSense - INFO - NewsSense initialized successfully
2025-04-12 07:00:27,403 - GeminiHelper - INFO - Gemini helper initialized successfully
2025-04-12 07:00:27,404 - NewsSense - INFO - Gemini helper initialized successfully
2025-04-12 07:00:27,404 - GeminiHelper - INFO - Gemini helper initialized successfully
2025-04-12 07:00:27,405 - NewsSense - INFO - Gemini helper initialized successfully
2025-04-12 07:00:27,406 - GeminiHelper - INFO - Gemini helper initialized successfully
2025-04-12 07:00:27,407 - NewsSense - INFO - NewsSense initialized successfully
2025-04-12 07:00:42,018 - GeminiHelper - INFO - Found companies: Vanguard, Fidelity with tickers: ['VTI', 'VOO', 'BND', 'FXAIX', 'FNILX', 'FZROX']
2025-04-12 07:00:42,019 - MarketAnalyzer - INFO - Analyzing security data for VTI
2025-04-12 07:00:44,410 - MarketAnalyzer - INFO - Analysis saved to data/analysis\analysis_VTI_20250412_070044.txt
2025-04-12 07:00:44,411 - NewsCollector - INFO - Scraping news for VTI from multiple sources...
2025-04-12 07:00:44,564 - NewsCollector - INFO - Requesting: https://www.reuters.com/companies/VTI.O
2025-04-12 07:00:44,577 - NewsCollector - INFO - Requesting: https://finviz.com/quote.ashx?t=vti
2025-04-12 07:00:44,581 - NewsCollector - INFO - Requesting: https://www.marketwatch.com/investing/stock/vti
2025-04-12 07:00:44,581 - NewsCollector - INFO - Requesting: https://www.investing.com/equities/vti-news
2025-04-12 07:00:44,588 - NewsCollector - INFO - Requesting: https://www.cnbc.com/quotes/vti
2025-04-12 07:00:44,606 - NewsCollector - INFO - Requesting: https://www.zacks.com/stock/quote/VTI/news
2025-04-12 07:00:44,612 - NewsCollector - INFO - Requesting: https://thefly.com/news.php?symbol=VTI
2025-04-12 07:00:44,654 - NewsCollector - INFO - Requesting: https://finance.yahoo.com/quote/VTI/news
2025-04-12 07:00:44,671 - NewsCollector - INFO - Requesting: https://www.benzinga.com/stock/vti
2025-04-12 07:00:44,686 - NewsCollector - INFO - Requesting: https://www.barrons.com/quote/stock/VTI
2025-04-12 07:00:44,701 - NewsCollector - INFO - Requesting: https://www.bloomberg.com/quote/VTI:US
2025-04-12 07:00:44,704 - NewsCollector - INFO - Requesting: https://seekingalpha.com/symbol/VTI/news
2025-04-12 07:00:45,355 - NewsCollector - WARNING - Investing.com returned status code 403
2025-04-12 07:00:46,753 - NewsCollector - WARNING - Reuters returned status code 404
2025-04-12 07:00:48,949 - NewsCollector - INFO - Found 8 articles from marketwatch
2025-04-12 07:00:48,951 - NewsCollector - INFO - Found 10 articles from finviz
2025-04-12 07:00:48,998 - NewsCollector - WARNING - barrons returned status code 401
2025-04-12 07:00:50,426 - NewsCollector - WARNING - bloomberg returned status code 403
2025-04-12 07:00:51,229 - NewsCollector - INFO - News saved to data/scraped_news\VTI_news_20250412_070051.json
2025-04-12 07:00:51,229 - NewsCollector - INFO - Total articles found for VTI: 18
2025-04-12 07:00:51,230 - MarketAnalyzer - INFO - Analyzing impact of 18 news items
2025-04-12 07:00:51,276 - MarketAnalyzer - INFO - Generating explanation for VTI
2025-04-12 07:05:19,077 - MarketAnalyzer - INFO - Analyzing security data for QQQ
2025-04-12 07:05:20,936 - MarketAnalyzer - INFO - Analysis saved to data/analysis\analysis_QQQ_20250412_070520.txt
2025-04-12 07:05:20,937 - NewsCollector - INFO - Scraping news for QQQ from multiple sources...
2025-04-12 07:05:21,053 - NewsCollector - INFO - Requesting: https://www.investing.com/equities/qqq-news
2025-04-12 07:05:21,070 - NewsCollector - INFO - Requesting: https://www.barrons.com/quote/stock/QQQ
2025-04-12 07:05:21,075 - NewsCollector - INFO - Requesting: https://finance.yahoo.com/quote/QQQ/news
2025-04-12 07:05:21,086 - NewsCollector - INFO - Requesting: https://seekingalpha.com/symbol/QQQ/news
2025-04-12 07:05:21,102 - NewsCollector - INFO - Requesting: https://thefly.com/news.php?symbol=QQQ
2025-04-12 07:05:21,112 - NewsCollector - INFO - Requesting: https://www.benzinga.com/stock/qqq
2025-04-12 07:05:21,133 - NewsCollector - INFO - Requesting: https://www.bloomberg.com/quote/QQQ:US
2025-04-12 07:05:21,137 - NewsCollector - INFO - Requesting: https://finviz.com/quote.ashx?t=qqq
2025-04-12 07:05:21,164 - NewsCollector - INFO - Requesting: https://www.zacks.com/stock/quote/QQQ/news
2025-04-12 07:05:21,194 - NewsCollector - INFO - Requesting: https://www.marketwatch.com/investing/stock/qqq
2025-04-12 07:05:21,205 - NewsCollector - INFO - Requesting: https://www.reuters.com/companies/QQQ.O
2025-04-12 07:05:21,223 - NewsCollector - INFO - Requesting: https://www.cnbc.com/quotes/qqq
2025-04-12 07:05:21,773 - NewsCollector - WARNING - Investing.com returned status code 403
2025-04-12 07:05:22,661 - NewsCollector - WARNING - MarketWatch returned status code 401
2025-04-12 07:05:25,225 - NewsCollector - INFO - Found 10 articles from finviz
2025-04-12 07:05:26,319 - NewsCollector - WARNING - bloomberg returned status code 403
2025-04-12 07:05:29,278 - NewsCollector - INFO - News saved to data/scraped_news\QQQ_news_20250412_070529.json
2025-04-12 07:05:29,280 - NewsCollector - INFO - Total articles found for QQQ: 10
2025-04-12 07:05:29,280 - MarketAnalyzer - INFO - Analyzing impact of 10 news items
2025-04-12 07:05:29,283 - MarketAnalyzer - INFO - Generating explanation for QQQ
2025-04-12 07:06:09,621 - MarketAnalyzer - INFO - Analyzing security data for AAPL
2025-04-12 07:06:12,061 - MarketAnalyzer - INFO - Analysis saved to data/analysis\analysis_AAPL_20250412_070612.txt
2025-04-12 07:06:12,062 - NewsCollector - INFO - Scraping news for AAPL from multiple sources...
2025-04-12 07:06:12,178 - NewsCollector - INFO - Requesting: https://www.reuters.com/companies/AAPL.O
2025-04-12 07:06:12,188 - NewsCollector - INFO - Requesting: https://seekingalpha.com/symbol/AAPL/news
2025-04-12 07:06:12,241 - NewsCollector - INFO - Requesting: https://finance.yahoo.com/quote/AAPL/news
2025-04-12 07:06:12,267 - NewsCollector - INFO - Requesting: https://www.marketwatch.com/investing/stock/aapl
2025-04-12 07:06:12,271 - NewsCollector - INFO - Requesting: https://www.investing.com/equities/aapl-news
2025-04-12 07:06:12,282 - NewsCollector - INFO - Requesting: https://www.cnbc.com/quotes/aapl
2025-04-12 07:06:12,282 - NewsCollector - INFO - Requesting: https://finviz.com/quote.ashx?t=aapl
2025-04-12 07:06:12,290 - NewsCollector - INFO - Requesting: https://www.barrons.com/quote/stock/AAPL
2025-04-12 07:06:12,304 - NewsCollector - INFO - Requesting: https://www.benzinga.com/stock/aapl
2025-04-12 07:06:12,325 - NewsCollector - INFO - Requesting: https://www.bloomberg.com/quote/AAPL:US
2025-04-12 07:06:12,327 - NewsCollector - INFO - Requesting: https://thefly.com/news.php?symbol=AAPL
2025-04-12 07:06:12,350 - NewsCollector - INFO - Requesting: https://www.zacks.com/stock/quote/AAPL/news
2025-04-12 07:06:13,069 - NewsCollector - WARNING - Investing.com returned status code 403
2025-04-12 07:06:13,733 - NewsCollector - WARNING - MarketWatch returned status code 401
2025-04-12 07:06:16,145 - NewsCollector - INFO - Found 10 articles from finviz
2025-04-12 07:06:16,802 - NewsCollector - WARNING - barrons returned status code 401
2025-04-12 07:06:17,592 - NewsCollector - WARNING - bloomberg returned status code 403
2025-04-12 07:06:17,973 - NewsCollector - INFO - News saved to data/scraped_news\AAPL_news_20250412_070617.json
2025-04-12 07:06:17,973 - NewsCollector - INFO - Total articles found for AAPL: 10
2025-04-12 07:06:17,973 - MarketAnalyzer - INFO - Analyzing impact of 10 news items
2025-04-12 07:06:17,976 - MarketAnalyzer - INFO - Analyzing security data for MSFT
2025-04-12 07:06:18,940 - MarketAnalyzer - INFO - Analysis saved to data/analysis\analysis_MSFT_20250412_070618.txt
2025-04-12 07:06:18,941 - NewsCollector - INFO - Scraping news for MSFT from multiple sources...
2025-04-12 07:06:19,052 - NewsCollector - INFO - Requesting: https://finance.yahoo.com/quote/MSFT/news
2025-04-12 07:06:19,086 - NewsCollector - INFO - Requesting: https://www.reuters.com/companies/MSFT.O
2025-04-12 07:06:19,098 - NewsCollector - INFO - Requesting: https://www.benzinga.com/stock/msft
2025-04-12 07:06:19,175 - NewsCollector - INFO - Requesting: https://www.cnbc.com/quotes/msft
2025-04-12 07:06:19,201 - NewsCollector - INFO - Requesting: https://finviz.com/quote.ashx?t=msft
2025-04-12 07:06:19,212 - NewsCollector - INFO - Requesting: https://www.marketwatch.com/investing/stock/msft
2025-04-12 07:06:19,216 - NewsCollector - INFO - Requesting: https://thefly.com/news.php?symbol=MSFT
2025-04-12 07:06:19,226 - NewsCollector - INFO - Requesting: https://seekingalpha.com/symbol/MSFT/news
2025-04-12 07:06:19,235 - NewsCollector - INFO - Requesting: https://www.zacks.com/stock/quote/MSFT/news
2025-04-12 07:06:19,242 - NewsCollector - INFO - Requesting: https://www.investing.com/equities/msft-news
2025-04-12 07:06:19,940 - NewsCollector - WARNING - Investing.com returned status code 403
2025-04-12 07:06:20,114 - NewsCollector - INFO - Requesting: https://www.barrons.com/quote/stock/MSFT
2025-04-12 07:06:20,645 - NewsCollector - WARNING - MarketWatch returned status code 401
2025-04-12 07:06:21,473 - NewsCollector - INFO - Requesting: https://www.bloomberg.com/quote/MSFT:US
2025-04-12 07:06:22,371 - NewsCollector - INFO - Found 10 articles from finviz
2025-04-12 07:06:26,345 - NewsCollector - WARNING - barrons returned status code 401
2025-04-12 07:06:27,181 - NewsCollector - WARNING - bloomberg returned status code 403
2025-04-12 07:06:27,187 - NewsCollector - INFO - News saved to data/scraped_news\MSFT_news_20250412_070627.json
2025-04-12 07:06:27,189 - NewsCollector - INFO - Total articles found for MSFT: 10
2025-04-12 07:06:27,190 - MarketAnalyzer - INFO - Analyzing impact of 10 news items
2025-04-12 07:06:27,197 - MarketAnalyzer - INFO - Analyzing security data for AMZN
2025-04-12 07:06:28,034 - MarketAnalyzer - INFO - Analysis saved to data/analysis\analysis_AMZN_20250412_070628.txt
2025-04-12 07:06:28,035 - NewsCollector - INFO - Scraping news for AMZN from multiple sources...
2025-04-12 07:06:28,154 - NewsCollector - INFO - Requesting: https://www.reuters.com/companies/AMZN.O
2025-04-12 07:06:28,166 - NewsCollector - INFO - Requesting: https://www.zacks.com/stock/quote/AMZN/news
2025-04-12 07:06:28,171 - NewsCollector - INFO - Requesting: https://finviz.com/quote.ashx?t=amzn
2025-04-12 07:06:28,202 - NewsCollector - INFO - Requesting: https://www.investing.com/equities/amzn-news
2025-04-12 07:06:28,204 - NewsCollector - INFO - Requesting: https://www.cnbc.com/quotes/amzn
2025-04-12 07:06:28,248 - NewsCollector - INFO - Requesting: https://finance.yahoo.com/quote/AMZN/news
2025-04-12 07:06:28,249 - NewsCollector - INFO - Requesting: https://www.marketwatch.com/investing/stock/amzn
2025-04-12 07:06:28,255 - NewsCollector - INFO - Requesting: https://www.benzinga.com/stock/amzn
2025-04-12 07:06:28,275 - NewsCollector - INFO - Requesting: https://www.barrons.com/quote/stock/AMZN
2025-04-12 07:06:28,302 - NewsCollector - INFO - Requesting: https://thefly.com/news.php?symbol=AMZN
2025-04-12 07:06:28,334 - NewsCollector - INFO - Requesting: https://seekingalpha.com/symbol/AMZN/news
2025-04-12 07:06:28,916 - NewsCollector - WARNING - Investing.com returned status code 403
2025-04-12 07:06:29,487 - NewsCollector - INFO - Requesting: https://www.bloomberg.com/quote/AMZN:US
2025-04-12 07:06:30,496 - NewsCollector - INFO - Found 8 articles from marketwatch
2025-04-12 07:06:32,382 - NewsCollector - INFO - Found 10 articles from finviz
2025-04-12 07:06:34,061 - NewsCollector - WARNING - bloomberg returned status code 403
2025-04-12 07:06:34,065 - NewsCollector - WARNING - barrons returned status code 401
2025-04-12 07:06:34,070 - NewsCollector - INFO - News saved to data/scraped_news\AMZN_news_20250412_070634.json
2025-04-12 07:06:34,071 - NewsCollector - INFO - Total articles found for AMZN: 18
2025-04-12 07:06:34,071 - MarketAnalyzer - INFO - Analyzing impact of 18 news items
2025-04-12 07:37:33,847 - GeminiHelper - INFO - Gemini helper initialized successfully
2025-04-12 07:37:33,847 - NewsSense - INFO - Gemini helper initialized successfully
2025-04-12 07:37:33,848 - GeminiHelper - INFO - Gemini helper initialized successfully
2025-04-12 07:37:33,849 - NewsSense - INFO - Gemini helper initialized successfully
2025-04-12 07:37:33,851 - GeminiHelper - INFO - Gemini helper initialized successfully
2025-04-12 07:37:33,856 - NewsSense - INFO - NewsSense initialized successfully
2025-04-12 07:38:02,192 - GeminiHelper - INFO - Gemini helper initialized successfully
2025-04-12 07:38:02,193 - NewsSense - INFO - Gemini helper initialized successfully
2025-04-12 07:38:02,194 - GeminiHelper - INFO - Gemini helper initialized successfully
2025-04-12 07:38:02,194 - NewsSense - INFO - Gemini helper initialized successfully
2025-04-12 07:38:02,196 - GeminiHelper - INFO - Gemini helper initialized successfully
2025-04-12 07:38:02,199 - NewsSense - INFO - NewsSense initialized successfully
2025-04-12 07:38:29,137 - NewsSense - ERROR - Unexpected error: 'NewsSenseCLI' object has no attribute 'display_disclaimer'
2025-04-12 07:38:29,143 - NewsSense - ERROR - Traceback (most recent call last):
  File "C:\Users\Dhana\Desktop\newssense\market_analyzer\main.py", line 627, in run
    self.display_disclaimer()
    ^^^^^^^^^^^^^^^^^^^^^^^
AttributeError: 'NewsSenseCLI' object has no attribute 'display_disclaimer'

2025-04-12 07:39:10,215 - GeminiHelper - INFO - Gemini helper initialized successfully
2025-04-12 07:39:10,216 - NewsSense - INFO - Gemini helper initialized successfully
2025-04-12 07:39:10,217 - GeminiHelper - INFO - Gemini helper initialized successfully
2025-04-12 07:39:10,218 - NewsSense - INFO - Gemini helper initialized successfully
2025-04-12 07:39:10,219 - GeminiHelper - INFO - Gemini helper initialized successfully
2025-04-12 07:39:10,222 - NewsSense - INFO - NewsSense initialized successfully
